Archive member included to satisfy reference by file (symbol)

/opt/st/stm32cubeide_1.7.0/plugins/com.st.stm32cube.ide.mcu.externaltools.gnu-tools-for-stm32.9-2020-q2-update.linux64_2.0.0.202105311346/tools/bin/../lib/gcc/arm-none-eabi/9.3.1/../../../../arm-none-eabi/lib/thumb/v7e-m+dp/hard/libstdc++_nano.a(pure.o)
                              ./Core/Inc/rosserialInc/rosserialNode.o (__cxa_pure_virtual)
/opt/st/stm32cubeide_1.7.0/plugins/com.st.stm32cube.ide.mcu.externaltools.gnu-tools-for-stm32.9-2020-q2-update.linux64_2.0.0.202105311346/tools/bin/../lib/gcc/arm-none-eabi/9.3.1/../../../../arm-none-eabi/lib/thumb/v7e-m+dp/hard/libstdc++_nano.a(eh_terminate.o)
                              /opt/st/stm32cubeide_1.7.0/plugins/com.st.stm32cube.ide.mcu.externaltools.gnu-tools-for-stm32.9-2020-q2-update.linux64_2.0.0.202105311346/tools/bin/../lib/gcc/arm-none-eabi/9.3.1/../../../../arm-none-eabi/lib/thumb/v7e-m+dp/hard/libstdc++_nano.a(pure.o) (std::terminate())
/opt/st/stm32cubeide_1.7.0/plugins/com.st.stm32cube.ide.mcu.externaltools.gnu-tools-for-stm32.9-2020-q2-update.linux64_2.0.0.202105311346/tools/bin/../lib/gcc/arm-none-eabi/9.3.1/../../../../arm-none-eabi/lib/thumb/v7e-m+dp/hard/libstdc++_nano.a(eh_unex_handler.o)
                              /opt/st/stm32cubeide_1.7.0/plugins/com.st.stm32cube.ide.mcu.externaltools.gnu-tools-for-stm32.9-2020-q2-update.linux64_2.0.0.202105311346/tools/bin/../lib/gcc/arm-none-eabi/9.3.1/../../../../arm-none-eabi/lib/thumb/v7e-m+dp/hard/libstdc++_nano.a(eh_terminate.o) (__cxxabiv1::__unexpected_handler)
/opt/st/stm32cubeide_1.7.0/plugins/com.st.stm32cube.ide.mcu.externaltools.gnu-tools-for-stm32.9-2020-q2-update.linux64_2.0.0.202105311346/tools/bin/../lib/gcc/arm-none-eabi/9.3.1/../../../../arm-none-eabi/lib/thumb/v7e-m+dp/hard/libstdc++_nano.a(eh_term_handler.o)
                              /opt/st/stm32cubeide_1.7.0/plugins/com.st.stm32cube.ide.mcu.externaltools.gnu-tools-for-stm32.9-2020-q2-update.linux64_2.0.0.202105311346/tools/bin/../lib/gcc/arm-none-eabi/9.3.1/../../../../arm-none-eabi/lib/thumb/v7e-m+dp/hard/libstdc++_nano.a(eh_terminate.o) (__cxxabiv1::__terminate_handler)
/opt/st/stm32cubeide_1.7.0/plugins/com.st.stm32cube.ide.mcu.externaltools.gnu-tools-for-stm32.9-2020-q2-update.linux64_2.0.0.202105311346/tools/bin/../lib/gcc/arm-none-eabi/9.3.1/../../../../arm-none-eabi/lib/thumb/v7e-m+dp/hard/libc_nano.a(lib_a-abort.o)
                              /opt/st/stm32cubeide_1.7.0/plugins/com.st.stm32cube.ide.mcu.externaltools.gnu-tools-for-stm32.9-2020-q2-update.linux64_2.0.0.202105311346/tools/bin/../lib/gcc/arm-none-eabi/9.3.1/../../../../arm-none-eabi/lib/thumb/v7e-m+dp/hard/libstdc++_nano.a(eh_terminate.o) (abort)
/opt/st/stm32cubeide_1.7.0/plugins/com.st.stm32cube.ide.mcu.externaltools.gnu-tools-for-stm32.9-2020-q2-update.linux64_2.0.0.202105311346/tools/bin/../lib/gcc/arm-none-eabi/9.3.1/../../../../arm-none-eabi/lib/thumb/v7e-m+dp/hard/libc_nano.a(lib_a-errno.o)
                              ./Core/Src/syscalls.o (__errno)
/opt/st/stm32cubeide_1.7.0/plugins/com.st.stm32cube.ide.mcu.externaltools.gnu-tools-for-stm32.9-2020-q2-update.linux64_2.0.0.202105311346/tools/bin/../lib/gcc/arm-none-eabi/9.3.1/../../../../arm-none-eabi/lib/thumb/v7e-m+dp/hard/libc_nano.a(lib_a-exit.o)
                              /opt/st/stm32cubeide_1.7.0/plugins/com.st.stm32cube.ide.mcu.externaltools.gnu-tools-for-stm32.9-2020-q2-update.linux64_2.0.0.202105311346/tools/bin/../lib/gcc/arm-none-eabi/9.3.1/../../../../arm-none-eabi/lib/thumb/v7e-m+dp/hard/crt0.o (exit)
/opt/st/stm32cubeide_1.7.0/plugins/com.st.stm32cube.ide.mcu.externaltools.gnu-tools-for-stm32.9-2020-q2-update.linux64_2.0.0.202105311346/tools/bin/../lib/gcc/arm-none-eabi/9.3.1/../../../../arm-none-eabi/lib/thumb/v7e-m+dp/hard/libc_nano.a(lib_a-impure.o)
                              /opt/st/stm32cubeide_1.7.0/plugins/com.st.stm32cube.ide.mcu.externaltools.gnu-tools-for-stm32.9-2020-q2-update.linux64_2.0.0.202105311346/tools/bin/../lib/gcc/arm-none-eabi/9.3.1/../../../../arm-none-eabi/lib/thumb/v7e-m+dp/hard/libc_nano.a(lib_a-exit.o) (_global_impure_ptr)
/opt/st/stm32cubeide_1.7.0/plugins/com.st.stm32cube.ide.mcu.externaltools.gnu-tools-for-stm32.9-2020-q2-update.linux64_2.0.0.202105311346/tools/bin/../lib/gcc/arm-none-eabi/9.3.1/../../../../arm-none-eabi/lib/thumb/v7e-m+dp/hard/libc_nano.a(lib_a-init.o)
                              /opt/st/stm32cubeide_1.7.0/plugins/com.st.stm32cube.ide.mcu.externaltools.gnu-tools-for-stm32.9-2020-q2-update.linux64_2.0.0.202105311346/tools/bin/../lib/gcc/arm-none-eabi/9.3.1/../../../../arm-none-eabi/lib/thumb/v7e-m+dp/hard/crt0.o (__libc_init_array)
/opt/st/stm32cubeide_1.7.0/plugins/com.st.stm32cube.ide.mcu.externaltools.gnu-tools-for-stm32.9-2020-q2-update.linux64_2.0.0.202105311346/tools/bin/../lib/gcc/arm-none-eabi/9.3.1/../../../../arm-none-eabi/lib/thumb/v7e-m+dp/hard/libc_nano.a(lib_a-memcpy-stub.o)
[...]
Memory Configuration

Name             Origin             Length             Attributes
RAM              0x0000000020000000 0x0000000000080000 xrw
FLASH            0x0000000008000000 0x0000000000200000 xr
*default*        0x0000000000000000 0xffffffffffffffff

Linker script and memory map

LOAD /opt/st/stm32cubeide_1.7.0/plugins/com.st.stm32cube.ide.mcu.externaltools.gnu-tools-for-stm32.9-2020-q2-update.linux64_2.0.0.202105311346/tools/bin/../lib/gcc/arm-none-eabi/9.3.1/thumb/v7e-m+dp/hard/crti.o
LOAD /opt/st/stm32cubeide_1.7.0/plugins/com.st.stm32cube.ide.mcu.externaltools.gnu-tools-for-stm32.9-2020-q2-update.linux64_2.0.0.202105311346/tools/bin/../lib/gcc/arm-none-eabi/9.3.1/thumb/v7e-m+dp/hard/crtbegin.o
LOAD /opt/st/stm32cubeide_1.7.0/plugins/com.st.stm32cube.ide.mcu.externaltools.gnu-tools-for-stm32.9-2020-q2-update.linux64_2.0.0.202105311346/tools/bin/../lib/gcc/arm-none-eabi/9.3.1/../../../../arm-none-eabi/lib/thumb/v7e-m+dp/hard/crt0.o
LOAD ./Core/Inc/rosserialInc/duration.o
LOAD ./Core/Inc/rosserialInc/rosserialNode.o
LOAD ./Core/Inc/rosserialInc/time.o
LOAD ./Core/Src/main.o
LOAD ./Core/Src/myMain.o
LOAD ./Core/Src/stm32f7xx_hal_msp.o
LOAD ./Core/Src/stm32f7xx_it.o
LOAD ./Core/Src/syscalls.o
LOAD ./Core/Src/sysmem.o
LOAD ./Core/Src/system_stm32f7xx.o
LOAD ./Core/Startup/startup_stm32f767zitx.o
LOAD ./Drivers/STM32F7xx_HAL_Driver/Src/stm32f7xx_hal.o
LOAD ./Drivers/STM32F7xx_HAL_Driver/Src/stm32f7xx_hal_cortex.o
LOAD ./Drivers/STM32F7xx_HAL_Driver/Src/stm32f7xx_hal_dma.o
LOAD ./Drivers/STM32F7xx_HAL_Driver/Src/stm32f7xx_hal_dma_ex.o
LOAD ./Drivers/STM32F7xx_HAL_Driver/Src/stm32f7xx_hal_exti.o
LOAD ./Drivers/STM32F7xx_HAL_Driver/Src/stm32f7xx_hal_flash.o
LOAD ./Drivers/STM32F7xx_HAL_Driver/Src/stm32f7xx_hal_flash_ex.o
LOAD ./Drivers/STM32F7xx_HAL_Driver/Src/stm32f7xx_hal_gpio.o
LOAD ./Drivers/STM32F7xx_HAL_Driver/Src/stm32f7xx_hal_i2c.o
LOAD ./Drivers/STM32F7xx_HAL_Driver/Src/stm32f7xx_hal_i2c_ex.o
LOAD ./Drivers/STM32F7xx_HAL_Driver/Src/stm32f7xx_hal_pwr.o
LOAD ./Drivers/STM32F7xx_HAL_Driver/Src/stm32f7xx_hal_pwr_ex.o
LOAD ./Drivers/STM32F7xx_HAL_Driver/Src/stm32f7xx_hal_rcc.o
LOAD ./Drivers/STM32F7xx_HAL_Driver/Src/stm32f7xx_hal_rcc_ex.o
LOAD ./Drivers/STM32F7xx_HAL_Driver/Src/stm32f7xx_hal_tim.o
LOAD ./Drivers/STM32F7xx_HAL_Driver/Src/stm32f7xx_hal_tim_ex.o
LOAD ./Drivers/STM32F7xx_HAL_Driver/Src/stm32f7xx_hal_uart.o
LOAD ./Drivers/STM32F7xx_HAL_Driver/Src/stm32f7xx_hal_uart_ex.o
START GROUP
LOAD /opt/st/stm32cubeide_1.7.0/plugins/com.st.stm32cube.ide.mcu.externaltools.gnu-tools-for-stm32.9-2020-q2-update.linux64_2.0.0.202105311346/tools/bin/../lib/gcc/arm-none-eabi/9.3.1/../../../../arm-none-eabi/lib/thumb/v7e-m+dp/hard/libstdc++_nano.a
LOAD /opt/st/stm32cubeide_1.7.0/plugins/com.st.stm32cube.ide.mcu.externaltools.gnu-tools-for-stm32.9-2020-q2-update.linux64_2.0.0.202105311346/tools/bin/../lib/gcc/arm-none-eabi/9.3.1/../../../../arm-none-eabi/lib/thumb/v7e-m+dp/hard/libsupc++_nano.a
END GROUP
LOAD /opt/st/stm32cubeide_1.7.0/plugins/com.st.stm32cube.ide.mcu.externaltools.gnu-tools-for-stm32.9-2020-q2-update.linux64_2.0.0.202105311346/tools/bin/../lib/gcc/arm-none-eabi/9.3.1/../../../../arm-none-eabi/lib/thumb/v7e-m+dp/hard/libstdc++_nano.a
LOAD /opt/st/stm32cubeide_1.7.0/plugins/com.st.stm32cube.ide.mcu.externaltools.gnu-tools-for-stm32.9-2020-q2-update.linux64_2.0.0.202105311346/tools/bin/../lib/gcc/arm-none-eabi/9.3.1/../../../../arm-none-eabi/lib/thumb/v7e-m+dp/hard/libm.a
LOAD /opt/st/stm32cubeide_1.7.0/plugins/com.st.stm32cube.ide.mcu.externaltools.gnu-tools-for-stm32.9-2020-q2-update.linux64_2.0.0.202105311346/tools/bin/../lib/gcc/arm-none-eabi/9.3.1/../../../../arm-none-eabi/lib/thumb/v7e-m+dp/hard/libc_nano.a
START GROUP
LOAD /opt/st/stm32cubeide_1.7.0/plugins/com.st.stm32cube.ide.mcu.externaltools.gnu-tools-for-stm32.9-2020-q2-update.linux64_2.0.0.202105311346/tools/bin/../lib/gcc/arm-none-eabi/9.3.1/thumb/v7e-m+dp/hard/libgcc.a
LOAD /opt/st/stm32cubeide_1.7.0/plugins/com.st.stm32cube.ide.mcu.externaltools.gnu-tools-for-stm32.9-2020-q2-update.linux64_2.0.0.202105311346/tools/bin/../lib/gcc/arm-none-eabi/9.3.1/../../../../arm-none-eabi/lib/thumb/v7e-m+dp/hard/libc_nano.a
END GROUP
START GROUP
LOAD /opt/st/stm32cubeide_1.7.0/plugins/com.st.stm32cube.ide.mcu.externaltools.gnu-tools-for-stm32.9-2020-q2-update.linux64_2.0.0.202105311346/tools/bin/../lib/gcc/arm-none-eabi/9.3.1/thumb/v7e-m+dp/hard/libgcc.a
LOAD /opt/st/stm32cubeide_1.7.0/plugins/com.st.stm32cube.ide.mcu.externaltools.gnu-tools-for-stm32.9-2020-q2-update.linux64_2.0.0.202105311346/tools/bin/../lib/gcc/arm-none-eabi/9.3.1/../../../../arm-none-eabi/lib/thumb/v7e-m+dp/hard/libc_nano.a
LOAD /opt/st/stm32cubeide_1.7.0/plugins/com.st.stm32cube.ide.mcu.externaltools.gnu-tools-for-stm32.9-2020-q2-update.linux64_2.0.0.202105311346/tools/bin/../lib/gcc/arm-none-eabi/9.3.1/../../../../arm-none-eabi/lib/thumb/v7e-m+dp/hard/libnosys.a
END GROUP
START GROUP
LOAD /opt/st/stm32cubeide_1.7.0/plugins/com.st.stm32cube.ide.mcu.externaltools.gnu-tools-for-stm32.9-2020-q2-update.linux64_2.0.0.202105311346/tools/bin/../lib/gcc/arm-none-eabi/9.3.1/thumb/v7e-m+dp/hard/libgcc.a
LOAD /opt/st/stm32cubeide_1.7.0/plugins/com.st.stm32cube.ide.mcu.externaltools.gnu-tools-for-stm32.9-2020-q2-update.linux64_2.0.0.202105311346/tools/bin/../lib/gcc/arm-none-eabi/9.3.1/../../../../arm-none-eabi/lib/thumb/v7e-m+dp/hard/libc_nano.a
LOAD /opt/st/stm32cubeide_1.7.0/plugins/com.st.stm32cube.ide.mcu.externaltools.gnu-tools-for-stm32.9-2020-q2-update.linux64_2.0.0.202105311346/tools/bin/../lib/gcc/arm-none-eabi/9.3.1/../../../../arm-none-eabi/lib/thumb/v7e-m+dp/hard/libnosys.a
END GROUP
LOAD /opt/st/stm32cubeide_1.7.0/plugins/com.st.stm32cube.ide.mcu.externaltools.gnu-tools-for-stm32.9-2020-q2-update.linux64_2.0.0.202105311346/tools/bin/../lib/gcc/arm-none-eabi/9.3.1/thumb/v7e-m+dp/hard/crtend.o
LOAD /opt/st/stm32cubeide_1.7.0/plugins/com.st.stm32cube.ide.mcu.externaltools.gnu-tools-for-stm32.9-2020-q2-update.linux64_2.0.0.202105311346/tools/bin/../lib/gcc/arm-none-eabi/9.3.1/thumb/v7e-m+dp/hard/crtn.o
                0x0000000020080000                _estack = (ORIGIN (RAM) + LENGTH (RAM))
                0x0000000000000200                _Min_Heap_Size = 0x200
                0x0000000000000400                _Min_Stack_Size = 0x400

.isr_vector     0x0000000008000000      0x1f8
                0x0000000008000000                . = ALIGN (0x4)
 *(.isr_vector)
 .isr_vector    0x0000000008000000      0x1f8 ./Core/Startup/startup_stm32f767zitx.o
                0x0000000008000000                g_pfnVectors
                0x00000000080001f8                . = ALIGN (0x4)

.text           0x00000000080001f8     0x5fa4
                0x00000000080001f8                . = ALIGN (0x4)
 *(.text)
 .text          0x00000000080001f8       0x40 /opt/st/stm32cubeide_1.7.0/plugins/com.st.stm32cube.ide.mcu.externaltools.gnu-tools-for-stm32.9-2020-q2-update.linux64_2.0.0.202105311346/tools/bin/../lib/gcc/arm-none-eabi/9.3.1/thumb/v7e-m+dp/hard/crtbegin.o
 .text          0x0000000008000238       0x10 /opt/st/stm32cubeide_1.7.0/plugins/com.st.stm32cube.ide.mcu.externaltools.gnu-tools-for-stm32.9-2020-q2-update.linux64_2.0.0.202105311346/tools/bin/../lib/gcc/arm-none-eabi/9.3.1/../../../../arm-none-eabi/lib/thumb/v7e-m+dp/hard/libc_nano.a(lib_a-strlen.o)
                0x0000000008000238                strlen
 .text          0x0000000008000248       0x30 /opt/st/stm32cubeide_1.7.0/plugins/com.st.stm32cube.ide.mcu.externaltools.gnu-tools-for-stm32.9-2020-q2-update.linux64_2.0.0.202105311346/tools/bin/../lib/gcc/arm-none-eabi/9.3.1/thumb/v7e-m+dp/hard/libgcc.a(_aeabi_uldivmod.o)
                0x0000000008000248                __aeabi_uldivmod
 .text          0x0000000008000278      0x2c4 /opt/st/stm32cubeide_1.7.0/plugins/com.st.stm32cube.ide.mcu.externaltools.gnu-tools-for-stm32.9-2020-q2-update.linux64_2.0.0.202105311346/tools/bin/../lib/gcc/arm-none-eabi/9.3.1/thumb/v7e-m+dp/hard/libgcc.a(_udivmoddi4.o)
                0x0000000008000278                __udivmoddi4
 .text          0x000000000800053c        0x4 /opt/st/stm32cubeide_1.7.0/plugins/com.st.stm32cube.ide.mcu.externaltools.gnu-tools-for-stm32.9-2020-q2-update.linux64_2.0.0.202105311346/tools/bin/../lib/gcc/arm-none-eabi/9.3.1/thumb/v7e-m+dp/hard/libgcc.a(_dvmd_tls.o)
                0x000000000800053c                __aeabi_ldiv0
                0x000000000800053c                __aeabi_idiv0
 *(.text*)
 .text._ZN3ros3Msg19serializeAvrFloat64EPhf
                0x0000000008000540      0x136 ./Core/Inc/rosserialInc/rosserialNode.o
                0x0000000008000540                ros::Msg::serializeAvrFloat64(unsigned char*, float)
 .text._ZN3ros3Msg21deserializeAvrFloat64EPKhPf
                0x0000000008000676      0x134 ./Core/Inc/rosserialInc/rosserialNode.o
                0x0000000008000676                ros::Msg::deserializeAvrFloat64(unsigned char const*, float*)
 *fill*         0x00000000080007aa        0x2 
 .text._ZN3ros3MsgC2Ev
                0x00000000080007ac       0x20 ./Core/Inc/rosserialInc/rosserialNode.o
                0x00000000080007ac                ros::Msg::Msg()
                0x00000000080007ac                ros::Msg::Msg()
 .text._ZN8std_msgs7Float64C2Ev
                0x00000000080007cc       0x2c ./Core/Inc/rosserialInc/rosserialNode.o
                0x00000000080007cc                std_msgs::Float64::Float64()
                0x00000000080007cc                std_msgs::Float64::Float64()
 .text._ZNK8std_msgs7Float649serializeEPh
                0x00000000080007f8       0x36 ./Core/Inc/rosserialInc/rosserialNode.o
                0x00000000080007f8                std_msgs::Float64::serialize(unsigned char*) const
 .text._ZN8std_msgs7Float6411deserializeEPh
                0x000000000800082e       0x32 ./Core/Inc/rosserialInc/rosserialNode.o
                0x000000000800082e                std_msgs::Float64::deserialize(unsigned char*)
 .text._ZN8std_msgs7Float647getTypeEv
                0x0000000008000860       0x1c ./Core/Inc/rosserialInc/rosserialNode.o
                0x0000000008000860                std_msgs::Float64::getType()
 .text._ZN8std_msgs7Float646getMD5Ev
                0x000000000800087c       0x1c ./Core/Inc/rosserialInc/rosserialNode.o
                0x000000000800087c                std_msgs::Float64::getMD5()
 .text._ZN8std_msgs6StringC2Ev
                0x0000000008000898       0x30 ./Core/Inc/rosserialInc/rosserialNode.o
                0x0000000008000898                std_msgs::String::String()
                0x0000000008000898                std_msgs::String::String()
 .text._ZNK8std_msgs6String9serializeEPh
                0x00000000080008c8       0x52 ./Core/Inc/rosserialInc/rosserialNode.o
                0x00000000080008c8                std_msgs::String::serialize(unsigned char*) const
 .text._ZN8std_msgs6String11deserializeEPh
                0x000000000800091a       0x7e ./Core/Inc/rosserialInc/rosserialNode.o
                0x000000000800091a                std_msgs::String::deserialize(unsigned char*)
 .text._ZN8std_msgs6String7getTypeEv
                0x0000000008000998       0x1c ./Core/Inc/rosserialInc/rosserialNode.o
                0x0000000008000998                std_msgs::String::getType()
 .text._ZN8std_msgs6String6getMD5Ev
                0x00000000080009b4       0x1c ./Core/Inc/rosserialInc/rosserialNode.o
                0x00000000080009b4                std_msgs::String::getMD5()
 .text._ZN3ros4TimeC2Ev
                0x00000000080009d0       0x22 ./Core/Inc/rosserialInc/rosserialNode.o
                0x00000000080009d0                ros::Time::Time()
                0x00000000080009d0                ros::Time::Time()
 *fill*         0x00000000080009f2        0x2 
 .text._ZN8std_msgs4TimeC2Ev
                0x00000000080009f4       0x30 ./Core/Inc/rosserialInc/rosserialNode.o
                0x00000000080009f4                std_msgs::Time::Time()
                0x00000000080009f4                std_msgs::Time::Time()
 .text._ZNK8std_msgs4Time9serializeEPh
                0x0000000008000a24       0xb0 ./Core/Inc/rosserialInc/rosserialNode.o
                0x0000000008000a24                std_msgs::Time::serialize(unsigned char*) const
 .text._ZN8std_msgs4Time11deserializeEPh
                0x0000000008000ad4       0xc8 ./Core/Inc/rosserialInc/rosserialNode.o
                0x0000000008000ad4                std_msgs::Time::deserialize(unsigned char*)
 .text._ZN8std_msgs4Time7getTypeEv
                0x0000000008000b9c       0x1c ./Core/Inc/rosserialInc/rosserialNode.o
                0x0000000008000b9c                std_msgs::Time::getType()
 .text._ZN8std_msgs4Time6getMD5Ev
                0x0000000008000bb8       0x1c ./Core/Inc/rosserialInc/rosserialNode.o
                0x0000000008000bb8                std_msgs::Time::getMD5()
 .text._ZN14rosserial_msgs9TopicInfoC2Ev
                0x0000000008000bd4       0x48 ./Core/Inc/rosserialInc/rosserialNode.o
                0x0000000008000bd4                rosserial_msgs::TopicInfo::TopicInfo()
                0x0000000008000bd4                rosserial_msgs::TopicInfo::TopicInfo()
 .text._ZNK14rosserial_msgs9TopicInfo9serializeEPh
                0x0000000008000c1c      0x136 ./Core/Inc/rosserialInc/rosserialNode.o
                0x0000000008000c1c                rosserial_msgs::TopicInfo::serialize(unsigned char*) const
 .text._ZN14rosserial_msgs9TopicInfo11deserializeEPh
                0x0000000008000d52      0x1d0 ./Core/Inc/rosserialInc/rosserialNode.o
                0x0000000008000d52                rosserial_msgs::TopicInfo::deserialize(unsigned char*)
 *fill*         0x0000000008000f22        0x2 
 .text._ZN14rosserial_msgs9TopicInfo7getTypeEv
                0x0000000008000f24       0x1c ./Core/Inc/rosserialInc/rosserialNode.o
                0x0000000008000f24                rosserial_msgs::TopicInfo::getType()
 .text._ZN14rosserial_msgs9TopicInfo6getMD5Ev
                0x0000000008000f40       0x1c ./Core/Inc/rosserialInc/rosserialNode.o
                0x0000000008000f40                rosserial_msgs::TopicInfo::getMD5()
 .text._ZN14rosserial_msgs3LogC2Ev
                0x0000000008000f5c       0x34 ./Core/Inc/rosserialInc/rosserialNode.o
                0x0000000008000f5c                rosserial_msgs::Log::Log()
                0x0000000008000f5c                rosserial_msgs::Log::Log()
 .text._ZNK14rosserial_msgs3Log9serializeEPh
                0x0000000008000f90       0x64 ./Core/Inc/rosserialInc/rosserialNode.o
                0x0000000008000f90                rosserial_msgs::Log::serialize(unsigned char*) const
 .text._ZN14rosserial_msgs3Log11deserializeEPh
                0x0000000008000ff4       0x90 ./Core/Inc/rosserialInc/rosserialNode.o
                0x0000000008000ff4                rosserial_msgs::Log::deserialize(unsigned char*)
 .text._ZN14rosserial_msgs3Log7getTypeEv
                0x0000000008001084       0x1c ./Core/Inc/rosserialInc/rosserialNode.o
                0x0000000008001084                rosserial_msgs::Log::getType()
 .text._ZN14rosserial_msgs3Log6getMD5Ev
                0x00000000080010a0       0x1c ./Core/Inc/rosserialInc/rosserialNode.o
                0x00000000080010a0                rosserial_msgs::Log::getMD5()
 .text._ZN14rosserial_msgs20RequestParamResponseC2Ev
                0x00000000080010bc       0x5c ./Core/Inc/rosserialInc/rosserialNode.o
                0x00000000080010bc                rosserial_msgs::RequestParamResponse::RequestParamResponse()
                0x00000000080010bc                rosserial_msgs::RequestParamResponse::RequestParamResponse()
 .text._ZNK14rosserial_msgs20RequestParamResponse9serializeEPh
                0x0000000008001118      0x222 ./Core/Inc/rosserialInc/rosserialNode.o
                0x0000000008001118                rosserial_msgs::RequestParamResponse::serialize(unsigned char*) const
 .text._ZN14rosserial_msgs20RequestParamResponse11deserializeEPh
                0x000000000800133a      0x2e2 ./Core/Inc/rosserialInc/rosserialNode.o
                0x000000000800133a                rosserial_msgs::RequestParamResponse::deserialize(unsigned char*)
 .text._ZN14rosserial_msgs20RequestParamResponse7getTypeEv
                0x000000000800161c       0x1c ./Core/Inc/rosserialInc/rosserialNode.o
                0x000000000800161c                rosserial_msgs::RequestParamResponse::getType()
 .text._ZN14rosserial_msgs20RequestParamResponse6getMD5Ev
                0x0000000008001638       0x1c ./Core/Inc/rosserialInc/rosserialNode.o
                0x0000000008001638                rosserial_msgs::RequestParamResponse::getMD5()
 .text._ZN3ros9PublisherC2EPKcPNS_3MsgEi
                0x0000000008001654       0x2e ./Core/Inc/rosserialInc/rosserialNode.o
                0x0000000008001654                ros::Publisher::Publisher(char const*, ros::Msg*, int)
                0x0000000008001654                ros::Publisher::Publisher(char const*, ros::Msg*, int)
 .text._ZN3ros9Publisher15getEndpointTypeEv
                0x0000000008001682       0x18 ./Core/Inc/rosserialInc/rosserialNode.o
                0x0000000008001682                ros::Publisher::getEndpointType()
 .text._ZN13STM32Hardware10getRdmaIndEv
                0x000000000800169a       0x24 ./Core/Inc/rosserialInc/rosserialNode.o
                0x000000000800169a                STM32Hardware::getRdmaInd()
 .text._ZN13STM32HardwareC2Ev
                0x00000000080016be       0x34 ./Core/Inc/rosserialInc/rosserialNode.o
                0x00000000080016be                STM32Hardware::STM32Hardware()
                0x00000000080016be                STM32Hardware::STM32Hardware()
 .text._ZN13STM32Hardware4initEv
                0x00000000080016f2       0x16 ./Core/Inc/rosserialInc/rosserialNode.o
                0x00000000080016f2                STM32Hardware::init()
 .text._ZN13STM32Hardware10reset_rbufEv
                0x0000000008001708       0x22 ./Core/Inc/rosserialInc/rosserialNode.o
                0x0000000008001708                STM32Hardware::reset_rbuf()
 .text._ZN13STM32Hardware4readEv
                0x000000000800172a       0x58 ./Core/Inc/rosserialInc/rosserialNode.o
                0x000000000800172a                STM32Hardware::read()
 *fill*         0x0000000008001782        0x2 
 .text._ZN13STM32Hardware5flushEv
                0x0000000008001784       0xac ./Core/Inc/rosserialInc/rosserialNode.o
                0x0000000008001784                STM32Hardware::flush()
 .text._ZN13STM32Hardware5writeEPhi
                0x0000000008001830       0x92 ./Core/Inc/rosserialInc/rosserialNode.o
                0x0000000008001830                STM32Hardware::write(unsigned char*, int)
 .text._ZN13STM32Hardware7setPortEP20__UART_HandleTypeDef
                0x00000000080018c2       0x1e ./Core/Inc/rosserialInc/rosserialNode.o
                0x00000000080018c2                STM32Hardware::setPort(__UART_HandleTypeDef*)
 .text._ZN13STM32Hardware4timeEv
                0x00000000080018e0       0x16 ./Core/Inc/rosserialInc/rosserialNode.o
                0x00000000080018e0                STM32Hardware::time()
 *fill*         0x00000000080018f6        0x2 
 .text.HAL_UART_TxCpltCallback
                0x00000000080018f8       0x1c ./Core/Inc/rosserialInc/rosserialNode.o
                0x00000000080018f8                HAL_UART_TxCpltCallback
 .text.HAL_UART_RxCpltCallback
                0x0000000008001914       0x1c ./Core/Inc/rosserialInc/rosserialNode.o
                0x0000000008001914                HAL_UART_RxCpltCallback
 .text._ZN3ros15NodeHandleBase_C2Ev
                0x0000000008001930       0x20 ./Core/Inc/rosserialInc/rosserialNode.o
                0x0000000008001930                ros::NodeHandleBase_::NodeHandleBase_()
                0x0000000008001930                ros::NodeHandleBase_::NodeHandleBase_()
 .text._ZN3ros11NodeHandle_I13STM32HardwareLi25ELi25ELi512ELi512EEC2Ev
                0x0000000008001950       0xf0 ./Core/Inc/rosserialInc/rosserialNode.o
                0x0000000008001950                ros::NodeHandle_<STM32Hardware, 25, 25, 512, 512>::NodeHandle_()
                0x0000000008001950                ros::NodeHandle_<STM32Hardware, 25, 25, 512, 512>::NodeHandle_()
 .text._ZN13RosserialNodeC2Ev
                0x0000000008001a40       0x9c ./Core/Inc/rosserialInc/rosserialNode.o
                0x0000000008001a40                RosserialNode::RosserialNode()
                0x0000000008001a40                RosserialNode::RosserialNode()
 .text._ZN13RosserialNode7setPortEP20__UART_HandleTypeDef
                0x0000000008001adc       0x2c ./Core/Inc/rosserialInc/rosserialNode.o
                0x0000000008001adc                RosserialNode::setPort(__UART_HandleTypeDef*)
 .text._ZN13RosserialNode8spinOnceEv
                0x0000000008001b08       0x36 ./Core/Inc/rosserialInc/rosserialNode.o
                0x0000000008001b08                RosserialNode::spinOnce()
 .text._ZN13RosserialNode10TxCallbackEP20__UART_HandleTypeDef
                0x0000000008001b3e       0x2e ./Core/Inc/rosserialInc/rosserialNode.o
                0x0000000008001b3e                RosserialNode::TxCallback(__UART_HandleTypeDef*)
 .text._ZN13RosserialNode10RxCallbackEP20__UART_HandleTypeDef
                0x0000000008001b6c       0x2e ./Core/Inc/rosserialInc/rosserialNode.o
                0x0000000008001b6c                RosserialNode::RxCallback(__UART_HandleTypeDef*)
 .text._ZN3ros3Msg8varToArrIPhmEEvT_T0_
                0x0000000008001b9a       0x3c ./Core/Inc/rosserialInc/rosserialNode.o
                0x0000000008001b9a                void ros::Msg::varToArr<unsigned char*, unsigned long>(unsigned char*, unsigned long)
 .text._ZN3ros3Msg8arrToVarImPhEEvRT_T0_
                0x0000000008001bd6       0x4a ./Core/Inc/rosserialInc/rosserialNode.o
                0x0000000008001bd6                void ros::Msg::arrToVar<unsigned long, unsigned char*>(unsigned long&, unsigned char*)
 .text._ZN3ros11Subscriber_C2Ev
                0x0000000008001c20       0x20 ./Core/Inc/rosserialInc/rosserialNode.o
                0x0000000008001c20                ros::Subscriber_::Subscriber_()
                0x0000000008001c20                ros::Subscriber_::Subscriber_()
 .text._ZN3ros10SubscriberIN8std_msgs6StringEvEC2EPKcPFvRKS2_Ei
                0x0000000008001c40       0x48 ./Core/Inc/rosserialInc/rosserialNode.o
                0x0000000008001c40                ros::Subscriber<std_msgs::String, void>::Subscriber(char const*, void (*)(std_msgs::String const&), int)
                0x0000000008001c40                ros::Subscriber<std_msgs::String, void>::Subscriber(char const*, void (*)(std_msgs::String const&), int)
 .text._ZN3ros11NodeHandle_I13STM32HardwareLi25ELi25ELi512ELi512EE9advertiseERNS_9PublisherE
                0x0000000008001c88       0x60 ./Core/Inc/rosserialInc/rosserialNode.o
                0x0000000008001c88                ros::NodeHandle_<STM32Hardware, 25, 25, 512, 512>::advertise(ros::Publisher&)
 .text._ZN3ros11NodeHandle_I13STM32HardwareLi25ELi25ELi512ELi512EE9subscribeERNS_11Subscriber_E
                0x0000000008001ce8       0x56 ./Core/Inc/rosserialInc/rosserialNode.o
                0x0000000008001ce8                ros::NodeHandle_<STM32Hardware, 25, 25, 512, 512>::subscribe(ros::Subscriber_&)
 .text._ZN3ros11NodeHandle_I13STM32HardwareLi25ELi25ELi512ELi512EE11getHardwareEv
                0x0000000008001d3e       0x18 ./Core/Inc/rosserialInc/rosserialNode.o
                0x0000000008001d3e                ros::NodeHandle_<STM32Hardware, 25, 25, 512, 512>::getHardware()
 .text._ZN3ros11NodeHandle_I13STM32HardwareLi25ELi25ELi512ELi512EE8initNodeEv
                0x0000000008001d56       0x3a ./Core/Inc/rosserialInc/rosserialNode.o
                0x0000000008001d56                ros::NodeHandle_<STM32Hardware, 25, 25, 512, 512>::initNode()
 .text._ZN3ros11NodeHandle_I13STM32HardwareLi25ELi25ELi512ELi512EE8spinOnceEv
                0x0000000008001d90      0x3b2 ./Core/Inc/rosserialInc/rosserialNode.o
                0x0000000008001d90                ros::NodeHandle_<STM32Hardware, 25, 25, 512, 512>::spinOnce()
 .text._ZN3ros11NodeHandle_I13STM32HardwareLi25ELi25ELi512ELi512EE15requestSyncTimeEv
                0x0000000008002142       0x3c ./Core/Inc/rosserialInc/rosserialNode.o
                0x0000000008002142                ros::NodeHandle_<STM32Hardware, 25, 25, 512, 512>::requestSyncTime()
 .text._ZN3ros11NodeHandle_I13STM32HardwareLi25ELi25ELi512ELi512EE15negotiateTopicsEv
                0x000000000800217e      0x1be ./Core/Inc/rosserialInc/rosserialNode.o
                0x000000000800217e                ros::NodeHandle_<STM32Hardware, 25, 25, 512, 512>::negotiateTopics()
 .text._ZN3ros11NodeHandle_I13STM32HardwareLi25ELi25ELi512ELi512EE8syncTimeEPh
                0x000000000800233c       0x98 ./Core/Inc/rosserialInc/rosserialNode.o
                0x000000000800233c                ros::NodeHandle_<STM32Hardware, 25, 25, 512, 512>::syncTime(unsigned char*)
 .text._ZN3ros11NodeHandle_I13STM32HardwareLi25ELi25ELi512ELi512EE7publishEiPKNS_3MsgE
                0x00000000080023d4      0x124 ./Core/Inc/rosserialInc/rosserialNode.o
                0x00000000080023d4                ros::NodeHandle_<STM32Hardware, 25, 25, 512, 512>::publish(int, ros::Msg const*)
 .text._ZN3ros11NodeHandle_I13STM32HardwareLi25ELi25ELi512ELi512EE6setNowERKNS_4TimeE
                0x00000000080024f8       0x80 ./Core/Inc/rosserialInc/rosserialNode.o
                0x00000000080024f8                ros::NodeHandle_<STM32Hardware, 25, 25, 512, 512>::setNow(ros::Time const&)
 .text._ZN3ros11NodeHandle_I13STM32HardwareLi25ELi25ELi512ELi512EE8logerrorEPKc
                0x0000000008002578       0x1c ./Core/Inc/rosserialInc/rosserialNode.o
                0x0000000008002578                ros::NodeHandle_<STM32Hardware, 25, 25, 512, 512>::logerror(char const*)
 .text._ZN3ros11NodeHandle_I13STM32HardwareLi25ELi25ELi512ELi512EE3logEcPKc
                0x0000000008002594       0x38 ./Core/Inc/rosserialInc/rosserialNode.o
                0x0000000008002594                ros::NodeHandle_<STM32Hardware, 25, 25, 512, 512>::log(char, char const*)
 .text._Z41__static_initialization_and_destruction_0ii
                0x00000000080025cc       0x2c ./Core/Inc/rosserialInc/rosserialNode.o
 .text._ZN3ros11NodeHandle_I13STM32HardwareLi25ELi25ELi512ELi512EE9connectedEv
                0x00000000080025f8       0x1a ./Core/Inc/rosserialInc/rosserialNode.o
                0x00000000080025f8                ros::NodeHandle_<STM32Hardware, 25, 25, 512, 512>::connected()
 .text._ZN3ros10SubscriberIN8std_msgs6StringEvE8callbackEPh
                0x0000000008002612       0x2a ./Core/Inc/rosserialInc/rosserialNode.o
                0x0000000008002612                ros::Subscriber<std_msgs::String, void>::callback(unsigned char*)
 .text._ZN3ros10SubscriberIN8std_msgs6StringEvE15getEndpointTypeEv
                0x000000000800263c       0x18 ./Core/Inc/rosserialInc/rosserialNode.o
                0x000000000800263c                ros::Subscriber<std_msgs::String, void>::getEndpointType()
 .text._ZN3ros10SubscriberIN8std_msgs6StringEvE10getMsgTypeEv
                0x0000000008002654       0x1c ./Core/Inc/rosserialInc/rosserialNode.o
                0x0000000008002654                ros::Subscriber<std_msgs::String, void>::getMsgType()
 .text._ZN3ros10SubscriberIN8std_msgs6StringEvE9getMsgMD5Ev
                0x0000000008002670       0x1c ./Core/Inc/rosserialInc/rosserialNode.o
                0x0000000008002670                ros::Subscriber<std_msgs::String, void>::getMsgMD5()
 .text._GLOBAL__sub_I_rosserialNode
                0x000000000800268c       0x10 ./Core/Inc/rosserialInc/rosserialNode.o
 .text._ZN3ros16normalizeSecNSecERmS0_
                0x000000000800269c       0x58 ./Core/Inc/rosserialInc/time.o
                0x000000000800269c                ros::normalizeSecNSec(unsigned long&, unsigned long&)
 .text.main     0x00000000080026f4       0x22 ./Core/Src/main.o
                0x00000000080026f4                main
 *fill*         0x0000000008002716        0x2 
 .text.SystemClock_Config
                0x0000000008002718       0xf4 ./Core/Src/main.o
                0x0000000008002718                SystemClock_Config
 .text.MX_USART3_UART_Init
                0x000000000800280c       0x60 ./Core/Src/main.o
 .text.MX_DMA_Init
                0x000000000800286c       0x4c ./Core/Src/main.o
 .text.MX_GPIO_Init
                0x00000000080028b8       0x30 ./Core/Src/main.o
 .text.Error_Handler
                0x00000000080028e8        0xa ./Core/Src/main.o
                0x00000000080028e8                Error_Handler
 .text._ZN3ros9Publisher7publishEPKNS_3MsgE
                0x00000000080028f2       0x28 ./Core/Src/myMain.o
                0x00000000080028f2                ros::Publisher::publish(ros::Msg const*)
 *fill*         0x000000000800291a        0x2 
 .text._Z12sub1CallbackRKN8std_msgs6StringE
                0x000000000800291c       0x20 ./Core/Src/myMain.o
                0x000000000800291c                sub1Callback(std_msgs::String const&)
 .text.setup    0x000000000800293c        0xe ./Core/Src/myMain.o
                0x000000000800293c                setup
 *fill*         0x000000000800294a        0x2 
 .text.loop     0x000000000800294c       0x2c ./Core/Src/myMain.o
                0x000000000800294c                loop
 .text.HAL_MspInit
                0x0000000008002978       0x48 ./Core/Src/stm32f7xx_hal_msp.o
                0x0000000008002978                HAL_MspInit
 .text.HAL_UART_MspInit
                0x00000000080029c0      0x168 ./Core/Src/stm32f7xx_hal_msp.o
                0x00000000080029c0                HAL_UART_MspInit
 .text.NMI_Handler
                0x0000000008002b28        0x6 ./Core/Src/stm32f7xx_it.o
                0x0000000008002b28                NMI_Handler
 .text.HardFault_Handler
                0x0000000008002b2e        0x6 ./Core/Src/stm32f7xx_it.o
                0x0000000008002b2e                HardFault_Handler
 .text.MemManage_Handler
                0x0000000008002b34        0x6 ./Core/Src/stm32f7xx_it.o
                0x0000000008002b34                MemManage_Handler
 .text.BusFault_Handler
                0x0000000008002b3a        0x6 ./Core/Src/stm32f7xx_it.o
                0x0000000008002b3a                BusFault_Handler
 .text.UsageFault_Handler
                0x0000000008002b40        0x6 ./Core/Src/stm32f7xx_it.o
                0x0000000008002b40                UsageFault_Handler
 .text.SVC_Handler
                0x0000000008002b46        0xe ./Core/Src/stm32f7xx_it.o
                0x0000000008002b46                SVC_Handler
 .text.DebugMon_Handler
                0x0000000008002b54        0xe ./Core/Src/stm32f7xx_it.o
                0x0000000008002b54                DebugMon_Handler
 .text.PendSV_Handler
                0x0000000008002b62        0xe ./Core/Src/stm32f7xx_it.o
                0x0000000008002b62                PendSV_Handler
 .text.SysTick_Handler
                0x0000000008002b70        0xc ./Core/Src/stm32f7xx_it.o
                0x0000000008002b70                SysTick_Handler
 .text.DMA1_Stream1_IRQHandler
                0x0000000008002b7c       0x14 ./Core/Src/stm32f7xx_it.o
                0x0000000008002b7c                DMA1_Stream1_IRQHandler
 .text.DMA1_Stream3_IRQHandler
                0x0000000008002b90       0x14 ./Core/Src/stm32f7xx_it.o
                0x0000000008002b90                DMA1_Stream3_IRQHandler
 .text.USART3_IRQHandler
                0x0000000008002ba4       0x14 ./Core/Src/stm32f7xx_it.o
                0x0000000008002ba4                USART3_IRQHandler
 .text._getpid  0x0000000008002bb8       0x10 ./Core/Src/syscalls.o
                0x0000000008002bb8                _getpid
 .text._kill    0x0000000008002bc8       0x20 ./Core/Src/syscalls.o
                0x0000000008002bc8                _kill
 .text._exit    0x0000000008002be8       0x14 ./Core/Src/syscalls.o
                0x0000000008002be8                _exit
 .text._sbrk    0x0000000008002bfc       0x6c ./Core/Src/sysmem.o
                0x0000000008002bfc                _sbrk
 .text.SystemInit
                0x0000000008002c68       0x24 ./Core/Src/system_stm32f7xx.o
                0x0000000008002c68                SystemInit
 .text.Reset_Handler
                0x0000000008002c8c       0x50 ./Core/Startup/startup_stm32f767zitx.o
                0x0000000008002c8c                Reset_Handler
 .text.Default_Handler
                0x0000000008002cdc        0x2 ./Core/Startup/startup_stm32f767zitx.o
                0x0000000008002cdc                RTC_Alarm_IRQHandler
                0x0000000008002cdc                EXTI2_IRQHandler
                0x0000000008002cdc                TIM8_CC_IRQHandler
                0x0000000008002cdc                UART8_IRQHandler
                0x0000000008002cdc                SPI4_IRQHandler
                0x0000000008002cdc                TIM1_CC_IRQHandler
                0x0000000008002cdc                DMA2_Stream5_IRQHandler
                0x0000000008002cdc                JPEG_IRQHandler
                0x0000000008002cdc                DMA1_Stream5_IRQHandler
                0x0000000008002cdc                CAN3_RX1_IRQHandler
                0x0000000008002cdc                PVD_IRQHandler
                0x0000000008002cdc                TAMP_STAMP_IRQHandler
                0x0000000008002cdc                CAN2_RX1_IRQHandler
                0x0000000008002cdc                EXTI3_IRQHandler
                0x0000000008002cdc                TIM8_TRG_COM_TIM14_IRQHandler
                0x0000000008002cdc                DFSDM1_FLT1_IRQHandler
                0x0000000008002cdc                TIM1_UP_TIM10_IRQHandler
                0x0000000008002cdc                TIM8_UP_TIM13_IRQHandler
                0x0000000008002cdc                I2C3_ER_IRQHandler
                0x0000000008002cdc                DFSDM1_FLT2_IRQHandler
                0x0000000008002cdc                EXTI0_IRQHandler
                0x0000000008002cdc                I2C2_EV_IRQHandler
                0x0000000008002cdc                DMA1_Stream2_IRQHandler
                0x0000000008002cdc                CAN1_RX0_IRQHandler
                0x0000000008002cdc                FPU_IRQHandler
                0x0000000008002cdc                OTG_HS_WKUP_IRQHandler
                0x0000000008002cdc                CAN3_SCE_IRQHandler
                0x0000000008002cdc                LTDC_ER_IRQHandler
                0x0000000008002cdc                CAN2_SCE_IRQHandler
                0x0000000008002cdc                DMA2_Stream2_IRQHandler
                0x0000000008002cdc                SPI1_IRQHandler
                0x0000000008002cdc                TIM6_DAC_IRQHandler
                0x0000000008002cdc                TIM1_BRK_TIM9_IRQHandler
                0x0000000008002cdc                DCMI_IRQHandler
                0x0000000008002cdc                CAN2_RX0_IRQHandler
                0x0000000008002cdc                DMA2_Stream3_IRQHandler
                0x0000000008002cdc                SAI2_IRQHandler
                0x0000000008002cdc                DFSDM1_FLT3_IRQHandler
                0x0000000008002cdc                USART6_IRQHandler
                0x0000000008002cdc                CAN3_RX0_IRQHandler
                0x0000000008002cdc                CAN1_RX1_IRQHandler
                0x0000000008002cdc                UART5_IRQHandler
                0x0000000008002cdc                DMA2_Stream0_IRQHandler
                0x0000000008002cdc                TIM4_IRQHandler
                0x0000000008002cdc                QUADSPI_IRQHandler
                0x0000000008002cdc                I2C1_EV_IRQHandler
                0x0000000008002cdc                DMA1_Stream6_IRQHandler
                0x0000000008002cdc                UART4_IRQHandler
                0x0000000008002cdc                TIM3_IRQHandler
                0x0000000008002cdc                RCC_IRQHandler
                0x0000000008002cdc                TIM8_BRK_TIM12_IRQHandler
                0x0000000008002cdc                Default_Handler
                0x0000000008002cdc                CEC_IRQHandler
                0x0000000008002cdc                EXTI15_10_IRQHandler
                0x0000000008002cdc                ADC_IRQHandler
                0x0000000008002cdc                DMA1_Stream7_IRQHandler
                0x0000000008002cdc                SPI5_IRQHandler
                0x0000000008002cdc                TIM7_IRQHandler
                0x0000000008002cdc                SDMMC1_IRQHandler
                0x0000000008002cdc                CAN2_TX_IRQHandler
                0x0000000008002cdc                TIM5_IRQHandler
                0x0000000008002cdc                DMA2_Stream7_IRQHandler
                0x0000000008002cdc                I2C3_EV_IRQHandler
                0x0000000008002cdc                EXTI9_5_IRQHandler
                0x0000000008002cdc                RTC_WKUP_IRQHandler
                0x0000000008002cdc                LTDC_IRQHandler
                0x0000000008002cdc                ETH_WKUP_IRQHandler
                0x0000000008002cdc                SPDIF_RX_IRQHandler
                0x0000000008002cdc                SPI2_IRQHandler
                0x0000000008002cdc                OTG_HS_EP1_IN_IRQHandler
                0x0000000008002cdc                DMA1_Stream0_IRQHandler
                0x0000000008002cdc                CAN1_TX_IRQHandler
                0x0000000008002cdc                EXTI4_IRQHandler
                0x0000000008002cdc                RNG_IRQHandler
                0x0000000008002cdc                ETH_IRQHandler
                0x0000000008002cdc                OTG_HS_EP1_OUT_IRQHandler
                0x0000000008002cdc                WWDG_IRQHandler
                0x0000000008002cdc                SPI6_IRQHandler
                0x0000000008002cdc                MDIOS_IRQHandler
                0x0000000008002cdc                I2C4_EV_IRQHandler
                0x0000000008002cdc                CAN3_TX_IRQHandler
                0x0000000008002cdc                TIM2_IRQHandler
                0x0000000008002cdc                OTG_FS_WKUP_IRQHandler
                0x0000000008002cdc                TIM1_TRG_COM_TIM11_IRQHandler
                0x0000000008002cdc                OTG_HS_IRQHandler
                0x0000000008002cdc                DMA2D_IRQHandler
                0x0000000008002cdc                EXTI1_IRQHandler
                0x0000000008002cdc                SDMMC2_IRQHandler
                0x0000000008002cdc                UART7_IRQHandler
                0x0000000008002cdc                USART2_IRQHandler
                0x0000000008002cdc                DFSDM1_FLT0_IRQHandler
                0x0000000008002cdc                I2C2_ER_IRQHandler
                0x0000000008002cdc                DMA2_Stream1_IRQHandler
                0x0000000008002cdc                CAN1_SCE_IRQHandler
                0x0000000008002cdc                FLASH_IRQHandler
                0x0000000008002cdc                DMA2_Stream4_IRQHandler
                0x0000000008002cdc                USART1_IRQHandler
                0x0000000008002cdc                OTG_FS_IRQHandler
                0x0000000008002cdc                SPI3_IRQHandler
                0x0000000008002cdc                DMA1_Stream4_IRQHandler
                0x0000000008002cdc                I2C1_ER_IRQHandler
                0x0000000008002cdc                FMC_IRQHandler
                0x0000000008002cdc                LPTIM1_IRQHandler
                0x0000000008002cdc                I2C4_ER_IRQHandler
                0x0000000008002cdc                DMA2_Stream6_IRQHandler
                0x0000000008002cdc                SAI1_IRQHandler
 .text.HAL_Init
                0x0000000008002cde       0x1a ./Drivers/STM32F7xx_HAL_Driver/Src/stm32f7xx_hal.o
                0x0000000008002cde                HAL_Init
 .text.HAL_InitTick
                0x0000000008002cf8       0x60 ./Drivers/STM32F7xx_HAL_Driver/Src/stm32f7xx_hal.o
                0x0000000008002cf8                HAL_InitTick
 .text.HAL_IncTick
                0x0000000008002d58       0x28 ./Drivers/STM32F7xx_HAL_Driver/Src/stm32f7xx_hal.o
                0x0000000008002d58                HAL_IncTick
 .text.HAL_GetTick
                0x0000000008002d80       0x18 ./Drivers/STM32F7xx_HAL_Driver/Src/stm32f7xx_hal.o
                0x0000000008002d80                HAL_GetTick
 .text.HAL_Delay
                0x0000000008002d98       0x48 ./Drivers/STM32F7xx_HAL_Driver/Src/stm32f7xx_hal.o
                0x0000000008002d98                HAL_Delay
 .text.__NVIC_SetPriorityGrouping
                0x0000000008002de0       0x48 ./Drivers/STM32F7xx_HAL_Driver/Src/stm32f7xx_hal_cortex.o
 .text.__NVIC_GetPriorityGrouping
                0x0000000008002e28       0x1c ./Drivers/STM32F7xx_HAL_Driver/Src/stm32f7xx_hal_cortex.o
 .text.__NVIC_EnableIRQ
                0x0000000008002e44       0x3c ./Drivers/STM32F7xx_HAL_Driver/Src/stm32f7xx_hal_cortex.o
 .text.__NVIC_SetPriority
                0x0000000008002e80       0x54 ./Drivers/STM32F7xx_HAL_Driver/Src/stm32f7xx_hal_cortex.o
 .text.NVIC_EncodePriority
                0x0000000008002ed4       0x66 ./Drivers/STM32F7xx_HAL_Driver/Src/stm32f7xx_hal_cortex.o
 *fill*         0x0000000008002f3a        0x2 
 .text.SysTick_Config
                0x0000000008002f3c       0x44 ./Drivers/STM32F7xx_HAL_Driver/Src/stm32f7xx_hal_cortex.o
 .text.HAL_NVIC_SetPriorityGrouping
                0x0000000008002f80       0x16 ./Drivers/STM32F7xx_HAL_Driver/Src/stm32f7xx_hal_cortex.o
                0x0000000008002f80                HAL_NVIC_SetPriorityGrouping
 .text.HAL_NVIC_SetPriority
                0x0000000008002f96       0x38 ./Drivers/STM32F7xx_HAL_Driver/Src/stm32f7xx_hal_cortex.o
                0x0000000008002f96                HAL_NVIC_SetPriority
 .text.HAL_NVIC_EnableIRQ
                0x0000000008002fce       0x1c ./Drivers/STM32F7xx_HAL_Driver/Src/stm32f7xx_hal_cortex.o
                0x0000000008002fce                HAL_NVIC_EnableIRQ
 .text.HAL_SYSTICK_Config
                0x0000000008002fea       0x18 ./Drivers/STM32F7xx_HAL_Driver/Src/stm32f7xx_hal_cortex.o
                0x0000000008002fea                HAL_SYSTICK_Config
 *fill*         0x0000000008003002        0x2 
 .text.HAL_DMA_Init
                0x0000000008003004      0x15c ./Drivers/STM32F7xx_HAL_Driver/Src/stm32f7xx_hal_dma.o
                0x0000000008003004                HAL_DMA_Init
 .text.HAL_DMA_Start_IT
                0x0000000008003160       0xc0 ./Drivers/STM32F7xx_HAL_Driver/Src/stm32f7xx_hal_dma.o
                0x0000000008003160                HAL_DMA_Start_IT
 .text.HAL_DMA_Abort
                0x0000000008003220       0xe0 ./Drivers/STM32F7xx_HAL_Driver/Src/stm32f7xx_hal_dma.o
                0x0000000008003220                HAL_DMA_Abort
 .text.HAL_DMA_Abort_IT
                0x0000000008003300       0x44 ./Drivers/STM32F7xx_HAL_Driver/Src/stm32f7xx_hal_dma.o
                0x0000000008003300                HAL_DMA_Abort_IT
 .text.HAL_DMA_IRQHandler
                0x0000000008003344      0x314 ./Drivers/STM32F7xx_HAL_Driver/Src/stm32f7xx_hal_dma.o
                0x0000000008003344                HAL_DMA_IRQHandler
 .text.DMA_SetConfig
                0x0000000008003658       0x5c ./Drivers/STM32F7xx_HAL_Driver/Src/stm32f7xx_hal_dma.o
 .text.DMA_CalcBaseAndBitshift
                0x00000000080036b4       0x6c ./Drivers/STM32F7xx_HAL_Driver/Src/stm32f7xx_hal_dma.o
 .text.DMA_CheckFifoParam
                0x0000000008003720       0xf8 ./Drivers/STM32F7xx_HAL_Driver/Src/stm32f7xx_hal_dma.o
 .text.HAL_GPIO_Init
                0x0000000008003818      0x358 ./Drivers/STM32F7xx_HAL_Driver/Src/stm32f7xx_hal_gpio.o
                0x0000000008003818                HAL_GPIO_Init
 .text.HAL_RCC_OscConfig
                0x0000000008003b70      0x55c ./Drivers/STM32F7xx_HAL_Driver/Src/stm32f7xx_hal_rcc.o
                0x0000000008003b70                HAL_RCC_OscConfig
 .text.HAL_RCC_ClockConfig
                0x00000000080040cc      0x1d8 ./Drivers/STM32F7xx_HAL_Driver/Src/stm32f7xx_hal_rcc.o
                0x00000000080040cc                HAL_RCC_ClockConfig
 .text.HAL_RCC_GetSysClockFreq
                0x00000000080042a4      0x16c ./Drivers/STM32F7xx_HAL_Driver/Src/stm32f7xx_hal_rcc.o
                0x00000000080042a4                HAL_RCC_GetSysClockFreq
 .text.HAL_RCC_GetHCLKFreq
                0x0000000008004410       0x18 ./Drivers/STM32F7xx_HAL_Driver/Src/stm32f7xx_hal_rcc.o
                0x0000000008004410                HAL_RCC_GetHCLKFreq
 .text.HAL_RCC_GetPCLK1Freq
                0x0000000008004428       0x28 ./Drivers/STM32F7xx_HAL_Driver/Src/stm32f7xx_hal_rcc.o
                0x0000000008004428                HAL_RCC_GetPCLK1Freq
 .text.HAL_RCC_GetPCLK2Freq
                0x0000000008004450       0x28 ./Drivers/STM32F7xx_HAL_Driver/Src/stm32f7xx_hal_rcc.o
                0x0000000008004450                HAL_RCC_GetPCLK2Freq
 .text.HAL_RCCEx_PeriphCLKConfig
                0x0000000008004478      0x850 ./Drivers/STM32F7xx_HAL_Driver/Src/stm32f7xx_hal_rcc_ex.o
                0x0000000008004478                HAL_RCCEx_PeriphCLKConfig
 .text.HAL_UART_Init
                0x0000000008004cc8       0x9c ./Drivers/STM32F7xx_HAL_Driver/Src/stm32f7xx_hal_uart.o
                0x0000000008004cc8                HAL_UART_Init
 .text.HAL_UART_Transmit_DMA
                0x0000000008004d64       0xfc ./Drivers/STM32F7xx_HAL_Driver/Src/stm32f7xx_hal_uart.o
                0x0000000008004d64                HAL_UART_Transmit_DMA
 .text.HAL_UART_Receive_DMA
                0x0000000008004e60       0x7a ./Drivers/STM32F7xx_HAL_Driver/Src/stm32f7xx_hal_uart.o
                0x0000000008004e60                HAL_UART_Receive_DMA
 *fill*         0x0000000008004eda        0x2 
 .text.HAL_UART_IRQHandler
                0x0000000008004edc      0x400 ./Drivers/STM32F7xx_HAL_Driver/Src/stm32f7xx_hal_uart.o
                0x0000000008004edc                HAL_UART_IRQHandler
 .text.HAL_UART_TxHalfCpltCallback
                0x00000000080052dc       0x14 ./Drivers/STM32F7xx_HAL_Driver/Src/stm32f7xx_hal_uart.o
                0x00000000080052dc                HAL_UART_TxHalfCpltCallback
 .text.HAL_UART_RxHalfCpltCallback
                0x00000000080052f0       0x14 ./Drivers/STM32F7xx_HAL_Driver/Src/stm32f7xx_hal_uart.o
                0x00000000080052f0                HAL_UART_RxHalfCpltCallback
 .text.HAL_UART_ErrorCallback
                0x0000000008005304       0x14 ./Drivers/STM32F7xx_HAL_Driver/Src/stm32f7xx_hal_uart.o
                0x0000000008005304                HAL_UART_ErrorCallback
 .text.HAL_UARTEx_RxEventCallback
                0x0000000008005318       0x18 ./Drivers/STM32F7xx_HAL_Driver/Src/stm32f7xx_hal_uart.o
                0x0000000008005318                HAL_UARTEx_RxEventCallback
 .text.HAL_UARTEx_WakeupCallback
                0x0000000008005330       0x14 ./Drivers/STM32F7xx_HAL_Driver/Src/stm32f7xx_hal_uart.o
                0x0000000008005330                HAL_UARTEx_WakeupCallback
 .text.UART_SetConfig
                0x0000000008005344      0x4c4 ./Drivers/STM32F7xx_HAL_Driver/Src/stm32f7xx_hal_uart.o
                0x0000000008005344                UART_SetConfig
 .text.UART_AdvFeatureConfig
                0x0000000008005808      0x144 ./Drivers/STM32F7xx_HAL_Driver/Src/stm32f7xx_hal_uart.o
                0x0000000008005808                UART_AdvFeatureConfig
 .text.UART_CheckIdleState
                0x000000000800594c       0x92 ./Drivers/STM32F7xx_HAL_Driver/Src/stm32f7xx_hal_uart.o
                0x000000000800594c                UART_CheckIdleState
 .text.UART_WaitOnFlagUntilTimeout
                0x00000000080059de       0xf8 ./Drivers/STM32F7xx_HAL_Driver/Src/stm32f7xx_hal_uart.o
                0x00000000080059de                UART_WaitOnFlagUntilTimeout
 *fill*         0x0000000008005ad6        0x2 
 .text.UART_Start_Receive_DMA
                0x0000000008005ad8       0xd8 ./Drivers/STM32F7xx_HAL_Driver/Src/stm32f7xx_hal_uart.o
                0x0000000008005ad8                UART_Start_Receive_DMA
 .text.UART_EndTxTransfer
                0x0000000008005bb0       0x2a ./Drivers/STM32F7xx_HAL_Driver/Src/stm32f7xx_hal_uart.o
 .text.UART_EndRxTransfer
                0x0000000008005bda       0x5e ./Drivers/STM32F7xx_HAL_Driver/Src/stm32f7xx_hal_uart.o
 .text.UART_DMATransmitCplt
                0x0000000008005c38       0x50 ./Drivers/STM32F7xx_HAL_Driver/Src/stm32f7xx_hal_uart.o
 .text.UART_DMATxHalfCplt
                0x0000000008005c88       0x1c ./Drivers/STM32F7xx_HAL_Driver/Src/stm32f7xx_hal_uart.o
 .text.UART_DMAReceiveCplt
                0x0000000008005ca4       0x94 ./Drivers/STM32F7xx_HAL_Driver/Src/stm32f7xx_hal_uart.o
 .text.UART_DMARxHalfCplt
                0x0000000008005d38       0x38 ./Drivers/STM32F7xx_HAL_Driver/Src/stm32f7xx_hal_uart.o
 .text.UART_DMAError
                0x0000000008005d70       0x7c ./Drivers/STM32F7xx_HAL_Driver/Src/stm32f7xx_hal_uart.o
 .text.UART_DMAAbortOnError
                0x0000000008005dec       0x2c ./Drivers/STM32F7xx_HAL_Driver/Src/stm32f7xx_hal_uart.o
 .text.UART_EndTransmit_IT
                0x0000000008005e18       0x32 ./Drivers/STM32F7xx_HAL_Driver/Src/stm32f7xx_hal_uart.o
 .text.__cxa_pure_virtual
                0x0000000008005e4a        0x6 /opt/st/stm32cubeide_1.7.0/plugins/com.st.stm32cube.ide.mcu.externaltools.gnu-tools-for-stm32.9-2020-q2-update.linux64_2.0.0.202105311346/tools/bin/../lib/gcc/arm-none-eabi/9.3.1/../../../../arm-none-eabi/lib/thumb/v7e-m+dp/hard/libstdc++_nano.a(pure.o)
                0x0000000008005e4a                __cxa_pure_virtual
 .text._ZN10__cxxabiv111__terminateEPFvvE
                0x0000000008005e50        0x8 /opt/st/stm32cubeide_1.7.0/plugins/com.st.stm32cube.ide.mcu.externaltools.gnu-tools-for-stm32.9-2020-q2-update.linux64_2.0.0.202105311346/tools/bin/../lib/gcc/arm-none-eabi/9.3.1/../../../../arm-none-eabi/lib/thumb/v7e-m+dp/hard/libstdc++_nano.a(eh_terminate.o)
                0x0000000008005e50                __cxxabiv1::__terminate(void (*)())
 .text._ZSt13get_terminatev
                0x0000000008005e58       0x10 /opt/st/stm32cubeide_1.7.0/plugins/com.st.stm32cube.ide.mcu.externaltools.gnu-tools-for-stm32.9-2020-q2-update.linux64_2.0.0.202105311346/tools/bin/../lib/gcc/arm-none-eabi/9.3.1/../../../../arm-none-eabi/lib/thumb/v7e-m+dp/hard/libstdc++_nano.a(eh_terminate.o)
                0x0000000008005e58                std::get_terminate()
 .text._ZSt9terminatev
                0x0000000008005e68        0xa /opt/st/stm32cubeide_1.7.0/plugins/com.st.stm32cube.ide.mcu.externaltools.gnu-tools-for-stm32.9-2020-q2-update.linux64_2.0.0.202105311346/tools/bin/../lib/gcc/arm-none-eabi/9.3.1/../../../../arm-none-eabi/lib/thumb/v7e-m+dp/hard/libstdc++_nano.a(eh_terminate.o)
                0x0000000008005e68                std::terminate()
 .text.abort    0x0000000008005e72        0xe /opt/st/stm32cubeide_1.7.0/plugins/com.st.stm32cube.ide.mcu.externaltools.gnu-tools-for-stm32.9-2020-q2-update.linux64_2.0.0.202105311346/tools/bin/../lib/gcc/arm-none-eabi/9.3.1/../../../../arm-none-eabi/lib/thumb/v7e-m+dp/hard/libc_nano.a(lib_a-abort.o)
                0x0000000008005e72                abort
 .text.__errno  0x0000000008005e80        0xc /opt/st/stm32cubeide_1.7.0/plugins/com.st.stm32cube.ide.mcu.externaltools.gnu-tools-for-stm32.9-2020-q2-update.linux64_2.0.0.202105311346/tools/bin/../lib/gcc/arm-none-eabi/9.3.1/../../../../arm-none-eabi/lib/thumb/v7e-m+dp/hard/libc_nano.a(lib_a-errno.o)
                0x0000000008005e80                __errno
 .text.__libc_init_array
                0x0000000008005e8c       0x48 /opt/st/stm32cubeide_1.7.0/plugins/com.st.stm32cube.ide.mcu.externaltools.gnu-tools-for-stm32.9-2020-q2-update.linux64_2.0.0.202105311346/tools/bin/../lib/gcc/arm-none-eabi/9.3.1/../../../../arm-none-eabi/lib/thumb/v7e-m+dp/hard/libc_nano.a(lib_a-init.o)
                0x0000000008005e8c                __libc_init_array
 .text.memcpy   0x0000000008005ed4       0x1c /opt/st/stm32cubeide_1.7.0/plugins/com.st.stm32cube.ide.mcu.externaltools.gnu-tools-for-stm32.9-2020-q2-update.linux64_2.0.0.202105311346/tools/bin/../lib/gcc/arm-none-eabi/9.3.1/../../../../arm-none-eabi/lib/thumb/v7e-m+dp/hard/libc_nano.a(lib_a-memcpy-stub.o)
                0x0000000008005ed4                memcpy
 .text.memset   0x0000000008005ef0       0x10 /opt/st/stm32cubeide_1.7.0/plugins/com.st.stm32cube.ide.mcu.externaltools.gnu-tools-for-stm32.9-2020-q2-update.linux64_2.0.0.202105311346/tools/bin/../lib/gcc/arm-none-eabi/9.3.1/../../../../arm-none-eabi/lib/thumb/v7e-m+dp/hard/libc_nano.a(lib_a-memset.o)
                0x0000000008005ef0                memset
 .text.realloc  0x0000000008005f00       0x10 /opt/st/stm32cubeide_1.7.0/plugins/com.st.stm32cube.ide.mcu.externaltools.gnu-tools-for-stm32.9-2020-q2-update.linux64_2.0.0.202105311346/tools/bin/../lib/gcc/arm-none-eabi/9.3.1/../../../../arm-none-eabi/lib/thumb/v7e-m+dp/hard/libc_nano.a(lib_a-realloc.o)
                0x0000000008005f00                realloc
 .text._raise_r
                0x0000000008005f10       0x50 /opt/st/stm32cubeide_1.7.0/plugins/com.st.stm32cube.ide.mcu.externaltools.gnu-tools-for-stm32.9-2020-q2-update.linux64_2.0.0.202105311346/tools/bin/../lib/gcc/arm-none-eabi/9.3.1/../../../../arm-none-eabi/lib/thumb/v7e-m+dp/hard/libc_nano.a(lib_a-signal.o)
                0x0000000008005f10                _raise_r
 .text.raise    0x0000000008005f60       0x10 /opt/st/stm32cubeide_1.7.0/plugins/com.st.stm32cube.ide.mcu.externaltools.gnu-tools-for-stm32.9-2020-q2-update.linux64_2.0.0.202105311346/tools/bin/../lib/gcc/arm-none-eabi/9.3.1/../../../../arm-none-eabi/lib/thumb/v7e-m+dp/hard/libc_nano.a(lib_a-signal.o)
                0x0000000008005f60                raise
 .text._kill_r  0x0000000008005f70       0x24 /opt/st/stm32cubeide_1.7.0/plugins/com.st.stm32cube.ide.mcu.externaltools.gnu-tools-for-stm32.9-2020-q2-update.linux64_2.0.0.202105311346/tools/bin/../lib/gcc/arm-none-eabi/9.3.1/../../../../arm-none-eabi/lib/thumb/v7e-m+dp/hard/libc_nano.a(lib_a-signalr.o)
                0x0000000008005f70                _kill_r
 .text._getpid_r
                0x0000000008005f94        0x4 /opt/st/stm32cubeide_1.7.0/plugins/com.st.stm32cube.ide.mcu.externaltools.gnu-tools-for-stm32.9-2020-q2-update.linux64_2.0.0.202105311346/tools/bin/../lib/gcc/arm-none-eabi/9.3.1/../../../../arm-none-eabi/lib/thumb/v7e-m+dp/hard/libc_nano.a(lib_a-signalr.o)
                0x0000000008005f94                _getpid_r
 .text._malloc_r
                0x0000000008005f98       0xb4 /opt/st/stm32cubeide_1.7.0/plugins/com.st.stm32cube.ide.mcu.externaltools.gnu-tools-for-stm32.9-2020-q2-update.linux64_2.0.0.202105311346/tools/bin/../lib/gcc/arm-none-eabi/9.3.1/../../../../arm-none-eabi/lib/thumb/v7e-m+dp/hard/libc_nano.a(lib_a-nano-mallocr.o)
                0x0000000008005f98                _malloc_r
 .text._realloc_r
                0x000000000800604c       0x4c /opt/st/stm32cubeide_1.7.0/plugins/com.st.stm32cube.ide.mcu.externaltools.gnu-tools-for-stm32.9-2020-q2-update.linux64_2.0.0.202105311346/tools/bin/../lib/gcc/arm-none-eabi/9.3.1/../../../../arm-none-eabi/lib/thumb/v7e-m+dp/hard/libc_nano.a(lib_a-nano-reallocr.o)
                0x000000000800604c                _realloc_r
 .text._sbrk_r  0x0000000008006098       0x20 /opt/st/stm32cubeide_1.7.0/plugins/com.st.stm32cube.ide.mcu.externaltools.gnu-tools-for-stm32.9-2020-q2-update.linux64_2.0.0.202105311346/tools/bin/../lib/gcc/arm-none-eabi/9.3.1/../../../../arm-none-eabi/lib/thumb/v7e-m+dp/hard/libc_nano.a(lib_a-sbrkr.o)
                0x0000000008006098                _sbrk_r
 .text.__malloc_lock
                0x00000000080060b8        0xc /opt/st/stm32cubeide_1.7.0/plugins/com.st.stm32cube.ide.mcu.externaltools.gnu-tools-for-stm32.9-2020-q2-update.linux64_2.0.0.202105311346/tools/bin/../lib/gcc/arm-none-eabi/9.3.1/../../../../arm-none-eabi/lib/thumb/v7e-m+dp/hard/libc_nano.a(lib_a-mlock.o)
                0x00000000080060b8                __malloc_lock
 .text.__malloc_unlock
                0x00000000080060c4        0xc /opt/st/stm32cubeide_1.7.0/plugins/com.st.stm32cube.ide.mcu.externaltools.gnu-tools-for-stm32.9-2020-q2-update.linux64_2.0.0.202105311346/tools/bin/../lib/gcc/arm-none-eabi/9.3.1/../../../../arm-none-eabi/lib/thumb/v7e-m+dp/hard/libc_nano.a(lib_a-mlock.o)
                0x00000000080060c4                __malloc_unlock
 .text._free_r  0x00000000080060d0       0xa0 /opt/st/stm32cubeide_1.7.0/plugins/com.st.stm32cube.ide.mcu.externaltools.gnu-tools-for-stm32.9-2020-q2-update.linux64_2.0.0.202105311346/tools/bin/../lib/gcc/arm-none-eabi/9.3.1/../../../../arm-none-eabi/lib/thumb/v7e-m+dp/hard/libc_nano.a(lib_a-nano-freer.o)
                0x00000000080060d0                _free_r
 .text._malloc_usable_size_r
                0x0000000008006170       0x10 /opt/st/stm32cubeide_1.7.0/plugins/com.st.stm32cube.ide.mcu.externaltools.gnu-tools-for-stm32.9-2020-q2-update.linux64_2.0.0.202105311346/tools/bin/../lib/gcc/arm-none-eabi/9.3.1/../../../../arm-none-eabi/lib/thumb/v7e-m+dp/hard/libc_nano.a(lib_a-nano-msizer.o)
                0x0000000008006170                _malloc_usable_size_r
 .text.__retarget_lock_acquire_recursive
                0x0000000008006180        0x2 /opt/st/stm32cubeide_1.7.0/plugins/com.st.stm32cube.ide.mcu.externaltools.gnu-tools-for-stm32.9-2020-q2-update.linux64_2.0.0.202105311346/tools/bin/../lib/gcc/arm-none-eabi/9.3.1/../../../../arm-none-eabi/lib/thumb/v7e-m+dp/hard/libc_nano.a(lib_a-lock.o)
                0x0000000008006180                __retarget_lock_acquire_recursive
 .text.__retarget_lock_release_recursive
                0x0000000008006182        0x2 /opt/st/stm32cubeide_1.7.0/plugins/com.st.stm32cube.ide.mcu.externaltools.gnu-tools-for-stm32.9-2020-q2-update.linux64_2.0.0.202105311346/tools/bin/../lib/gcc/arm-none-eabi/9.3.1/../../../../arm-none-eabi/lib/thumb/v7e-m+dp/hard/libc_nano.a(lib_a-lock.o)
                0x0000000008006182                __retarget_lock_release_recursive
 *(.glue_7)
 .glue_7        0x0000000008006184        0x0 linker stubs
 *(.glue_7t)
 .glue_7t       0x0000000008006184        0x0 linker stubs
 *(.eh_frame)
 .eh_frame      0x0000000008006184        0x0 /opt/st/stm32cubeide_1.7.0/plugins/com.st.stm32cube.ide.mcu.externaltools.gnu-tools-for-stm32.9-2020-q2-update.linux64_2.0.0.202105311346/tools/bin/../lib/gcc/arm-none-eabi/9.3.1/thumb/v7e-m+dp/hard/crtbegin.o
 *(.init)
 .init          0x0000000008006184        0x4 /opt/st/stm32cubeide_1.7.0/plugins/com.st.stm32cube.ide.mcu.externaltools.gnu-tools-for-stm32.9-2020-q2-update.linux64_2.0.0.202105311346/tools/bin/../lib/gcc/arm-none-eabi/9.3.1/thumb/v7e-m+dp/hard/crti.o
                0x0000000008006184                _init
 .init          0x0000000008006188        0x8 /opt/st/stm32cubeide_1.7.0/plugins/com.st.stm32cube.ide.mcu.externaltools.gnu-tools-for-stm32.9-2020-q2-update.linux64_2.0.0.202105311346/tools/bin/../lib/gcc/arm-none-eabi/9.3.1/thumb/v7e-m+dp/hard/crtn.o
 *(.fini)
 .fini          0x0000000008006190        0x4 /opt/st/stm32cubeide_1.7.0/plugins/com.st.stm32cube.ide.mcu.externaltools.gnu-tools-for-stm32.9-2020-q2-update.linux64_2.0.0.202105311346/tools/bin/../lib/gcc/arm-none-eabi/9.3.1/thumb/v7e-m+dp/hard/crti.o
                0x0000000008006190                _fini
 .fini          0x0000000008006194        0x8 /opt/st/stm32cubeide_1.7.0/plugins/com.st.stm32cube.ide.mcu.externaltools.gnu-tools-for-stm32.9-2020-q2-update.linux64_2.0.0.202105311346/tools/bin/../lib/gcc/arm-none-eabi/9.3.1/thumb/v7e-m+dp/hard/crtn.o
                0x000000000800619c                . = ALIGN (0x4)
                0x000000000800619c                _etext = .

.vfp11_veneer   0x000000000800619c        0x0
 .vfp11_veneer  0x000000000800619c        0x0 linker stubs

.v4_bx          0x000000000800619c        0x0
 .v4_bx         0x000000000800619c        0x0 linker stubs

.iplt           0x000000000800619c        0x0
 .iplt          0x000000000800619c        0x0 /opt/st/stm32cubeide_1.7.0/plugins/com.st.stm32cube.ide.mcu.externaltools.gnu-tools-for-stm32.9-2020-q2-update.linux64_2.0.0.202105311346/tools/bin/../lib/gcc/arm-none-eabi/9.3.1/thumb/v7e-m+dp/hard/crtbegin.o

.rodata         0x000000000800619c      0x2d0
                0x000000000800619c                . = ALIGN (0x4)
 *(.rodata)
 .rodata        0x000000000800619c      0x191 ./Core/Inc/rosserialInc/rosserialNode.o
 *(.rodata*)
 *fill*         0x000000000800632d        0x3 
 .rodata._ZN14rosserial_msgsL12REQUESTPARAME
                0x0000000008006330       0x1c ./Core/Inc/rosserialInc/rosserialNode.o
 .rodata._ZTVN3ros11NodeHandle_I13STM32HardwareLi25ELi25ELi512ELi512EEE
                0x000000000800634c       0x14 ./Core/Inc/rosserialInc/rosserialNode.o
                0x000000000800634c                vtable for ros::NodeHandle_<STM32Hardware, 25, 25, 512, 512>
 .rodata._ZTVN3ros10SubscriberIN8std_msgs6StringEvEE
                0x0000000008006360       0x18 ./Core/Inc/rosserialInc/rosserialNode.o
                0x0000000008006360                vtable for ros::Subscriber<std_msgs::String, void>
 .rodata._ZTVN3ros11Subscriber_E
                0x0000000008006378       0x18 ./Core/Inc/rosserialInc/rosserialNode.o
                0x0000000008006378                vtable for ros::Subscriber_
 .rodata._ZTVN3ros15NodeHandleBase_E
                0x0000000008006390       0x14 ./Core/Inc/rosserialInc/rosserialNode.o
                0x0000000008006390                vtable for ros::NodeHandleBase_
 .rodata._ZTVN14rosserial_msgs20RequestParamResponseE
                0x00000000080063a4       0x18 ./Core/Inc/rosserialInc/rosserialNode.o
                0x00000000080063a4                vtable for rosserial_msgs::RequestParamResponse
 .rodata._ZTVN14rosserial_msgs3LogE
                0x00000000080063bc       0x18 ./Core/Inc/rosserialInc/rosserialNode.o
                0x00000000080063bc                vtable for rosserial_msgs::Log
 .rodata._ZTVN14rosserial_msgs9TopicInfoE
                0x00000000080063d4       0x18 ./Core/Inc/rosserialInc/rosserialNode.o
                0x00000000080063d4                vtable for rosserial_msgs::TopicInfo
 .rodata._ZTVN8std_msgs4TimeE
                0x00000000080063ec       0x18 ./Core/Inc/rosserialInc/rosserialNode.o
                0x00000000080063ec                vtable for std_msgs::Time
 .rodata._ZTVN8std_msgs6StringE
                0x0000000008006404       0x18 ./Core/Inc/rosserialInc/rosserialNode.o
                0x0000000008006404                vtable for std_msgs::String
 .rodata._ZTVN8std_msgs7Float64E
                0x000000000800641c       0x18 ./Core/Inc/rosserialInc/rosserialNode.o
                0x000000000800641c                vtable for std_msgs::Float64
 .rodata._ZTVN3ros3MsgE
                0x0000000008006434       0x18 ./Core/Inc/rosserialInc/rosserialNode.o
                0x0000000008006434                vtable for ros::Msg
 .rodata.AHBPrescTable
                0x000000000800644c       0x10 ./Core/Src/system_stm32f7xx.o
                0x000000000800644c                AHBPrescTable
 .rodata.APBPrescTable
                0x000000000800645c        0x8 ./Core/Src/system_stm32f7xx.o
                0x000000000800645c                APBPrescTable
 .rodata.flagBitshiftOffset.8589
                0x0000000008006464        0x8 ./Drivers/STM32F7xx_HAL_Driver/Src/stm32f7xx_hal_dma.o
                0x000000000800646c                . = ALIGN (0x4)

.ARM.extab      0x000000000800646c        0x0
                0x000000000800646c                . = ALIGN (0x4)
 *(.ARM.extab* .gnu.linkonce.armextab.*)
                0x000000000800646c                . = ALIGN (0x4)

.ARM            0x000000000800646c        0x8
                0x000000000800646c                . = ALIGN (0x4)
                0x000000000800646c                __exidx_start = .
 *(.ARM.exidx*)
 .ARM.exidx     0x000000000800646c        0x8 /opt/st/stm32cubeide_1.7.0/plugins/com.st.stm32cube.ide.mcu.externaltools.gnu-tools-for-stm32.9-2020-q2-update.linux64_2.0.0.202105311346/tools/bin/../lib/gcc/arm-none-eabi/9.3.1/thumb/v7e-m+dp/hard/libgcc.a(_udivmoddi4.o)
                0x0000000008006474                __exidx_end = .
                0x0000000008006474                . = ALIGN (0x4)

.rel.dyn        0x0000000008006474        0x0
 .rel.iplt      0x0000000008006474        0x0 /opt/st/stm32cubeide_1.7.0/plugins/com.st.stm32cube.ide.mcu.externaltools.gnu-tools-for-stm32.9-2020-q2-update.linux64_2.0.0.202105311346/tools/bin/../lib/gcc/arm-none-eabi/9.3.1/thumb/v7e-m+dp/hard/crtbegin.o

.preinit_array  0x0000000008006474        0x0
                0x0000000008006474                . = ALIGN (0x4)
                0x0000000008006474                PROVIDE (__preinit_array_start = .)
 *(.preinit_array*)
                0x0000000008006474                PROVIDE (__preinit_array_end = .)
                0x0000000008006474                . = ALIGN (0x4)

.init_array     0x0000000008006474        0x8
                0x0000000008006474                . = ALIGN (0x4)
                0x0000000008006474                PROVIDE (__init_array_start = .)
 *(SORT_BY_NAME(.init_array.*))
 *(.init_array*)
 .init_array    0x0000000008006474        0x4 /opt/st/stm32cubeide_1.7.0/plugins/com.st.stm32cube.ide.mcu.externaltools.gnu-tools-for-stm32.9-2020-q2-update.linux64_2.0.0.202105311346/tools/bin/../lib/gcc/arm-none-eabi/9.3.1/thumb/v7e-m+dp/hard/crtbegin.o
 .init_array    0x0000000008006478        0x4 ./Core/Inc/rosserialInc/rosserialNode.o
                0x000000000800647c                PROVIDE (__init_array_end = .)
                0x000000000800647c                . = ALIGN (0x4)

.fini_array     0x000000000800647c        0x4
                0x000000000800647c                . = ALIGN (0x4)
                [!provide]                        PROVIDE (__fini_array_start = .)
 *(SORT_BY_NAME(.fini_array.*))
 *(.fini_array*)
 .fini_array    0x000000000800647c        0x4 /opt/st/stm32cubeide_1.7.0/plugins/com.st.stm32cube.ide.mcu.externaltools.gnu-tools-for-stm32.9-2020-q2-update.linux64_2.0.0.202105311346/tools/bin/../lib/gcc/arm-none-eabi/9.3.1/thumb/v7e-m+dp/hard/crtbegin.o
                [!provide]                        PROVIDE (__fini_array_end = .)
                0x0000000008006480                . = ALIGN (0x4)
                0x0000000008006480                _sidata = LOADADDR (.data)

.data           0x0000000020000000       0x74 load address 0x0000000008006480
                0x0000000020000000                . = ALIGN (0x4)
                0x0000000020000000                _sdata = .
 *(.data)
 *(.data*)
 .data.SystemCoreClock
                0x0000000020000000        0x4 ./Core/Src/system_stm32f7xx.o
                0x0000000020000000                SystemCoreClock
 .data.uwTickPrio
                0x0000000020000004        0x4 ./Drivers/STM32F7xx_HAL_Driver/Src/stm32f7xx_hal.o
                0x0000000020000004                uwTickPrio
 .data.uwTickFreq
                0x0000000020000008        0x1 ./Drivers/STM32F7xx_HAL_Driver/Src/stm32f7xx_hal.o
                0x0000000020000008                uwTickFreq
 *fill*         0x0000000020000009        0x3 
 .data._ZN10__cxxabiv119__terminate_handlerE
                0x000000002000000c        0x4 /opt/st/stm32cubeide_1.7.0/plugins/com.st.stm32cube.ide.mcu.externaltools.gnu-tools-for-stm32.9-2020-q2-update.linux64_2.0.0.202105311346/tools/bin/../lib/gcc/arm-none-eabi/9.3.1/../../../../arm-none-eabi/lib/thumb/v7e-m+dp/hard/libstdc++_nano.a(eh_term_handler.o)
                0x000000002000000c                __cxxabiv1::__terminate_handler
 .data._impure_ptr
                0x0000000020000010        0x4 /opt/st/stm32cubeide_1.7.0/plugins/com.st.stm32cube.ide.mcu.externaltools.gnu-tools-for-stm32.9-2020-q2-update.linux64_2.0.0.202105311346/tools/bin/../lib/gcc/arm-none-eabi/9.3.1/../../../../arm-none-eabi/lib/thumb/v7e-m+dp/hard/libc_nano.a(lib_a-impure.o)
                0x0000000020000010                _impure_ptr
 .data.impure_data
                0x0000000020000014       0x60 /opt/st/stm32cubeide_1.7.0/plugins/com.st.stm32cube.ide.mcu.externaltools.gnu-tools-for-stm32.9-2020-q2-update.linux64_2.0.0.202105311346/tools/bin/../lib/gcc/arm-none-eabi/9.3.1/../../../../arm-none-eabi/lib/thumb/v7e-m+dp/hard/libc_nano.a(lib_a-impure.o)
 *(.RamFunc)
 *(.RamFunc*)
                0x0000000020000074                . = ALIGN (0x4)
                0x0000000020000074                _edata = .

.igot.plt       0x0000000020000074        0x0 load address 0x00000000080064f4
 .igot.plt      0x0000000020000074        0x0 /opt/st/stm32cubeide_1.7.0/plugins/com.st.stm32cube.ide.mcu.externaltools.gnu-tools-for-stm32.9-2020-q2-update.linux64_2.0.0.202105311346/tools/bin/../lib/gcc/arm-none-eabi/9.3.1/thumb/v7e-m+dp/hard/crtbegin.o
                0x0000000020000074                . = ALIGN (0x4)

.bss            0x0000000020000074      0x908 load address 0x00000000080064f4
                0x0000000020000074                _sbss = .
                0x0000000020000074                __bss_start__ = _sbss
 *(.bss)
 .bss           0x0000000020000074       0x1c /opt/st/stm32cubeide_1.7.0/plugins/com.st.stm32cube.ide.mcu.externaltools.gnu-tools-for-stm32.9-2020-q2-update.linux64_2.0.0.202105311346/tools/bin/../lib/gcc/arm-none-eabi/9.3.1/thumb/v7e-m+dp/hard/crtbegin.o
 *(.bss*)
 .bss._ZZN13STM32Hardware5flushEvE5mutex
                0x0000000020000090        0x1 ./Core/Inc/rosserialInc/rosserialNode.o
                0x0000000020000090                STM32Hardware::flush()::mutex
 *fill*         0x0000000020000091        0x3 
 .bss.rosserialNode
                0x0000000020000094      0x784 ./Core/Inc/rosserialInc/rosserialNode.o
                0x0000000020000094                rosserialNode
 .bss.__sbrk_heap_end
                0x0000000020000818        0x4 ./Core/Src/sysmem.o
 .bss.__malloc_free_list
                0x000000002000081c        0x4 /opt/st/stm32cubeide_1.7.0/plugins/com.st.stm32cube.ide.mcu.externaltools.gnu-tools-for-stm32.9-2020-q2-update.linux64_2.0.0.202105311346/tools/bin/../lib/gcc/arm-none-eabi/9.3.1/../../../../arm-none-eabi/lib/thumb/v7e-m+dp/hard/libc_nano.a(lib_a-nano-mallocr.o)
                0x000000002000081c                __malloc_free_list
 .bss.__malloc_sbrk_start
                0x0000000020000820        0x4 /opt/st/stm32cubeide_1.7.0/plugins/com.st.stm32cube.ide.mcu.externaltools.gnu-tools-for-stm32.9-2020-q2-update.linux64_2.0.0.202105311346/tools/bin/../lib/gcc/arm-none-eabi/9.3.1/../../../../arm-none-eabi/lib/thumb/v7e-m+dp/hard/libc_nano.a(lib_a-nano-mallocr.o)
                0x0000000020000820                __malloc_sbrk_start
 *(COMMON)
 COMMON         0x0000000020000824      0x144 ./Core/Src/main.o
                0x0000000020000824                hdma_usart3_rx
                0x0000000020000884                huart3
                0x0000000020000908                hdma_usart3_tx
 COMMON         0x0000000020000968        0x4 ./Drivers/STM32F7xx_HAL_Driver/Src/stm32f7xx_hal.o
                0x0000000020000968                uwTick
 COMMON         0x000000002000096c        0x4 /opt/st/stm32cubeide_1.7.0/plugins/com.st.stm32cube.ide.mcu.externaltools.gnu-tools-for-stm32.9-2020-q2-update.linux64_2.0.0.202105311346/tools/bin/../lib/gcc/arm-none-eabi/9.3.1/../../../../arm-none-eabi/lib/thumb/v7e-m+dp/hard/libc_nano.a(lib_a-reent.o)
                0x000000002000096c                errno
 COMMON         0x0000000020000970        0x9 /opt/st/stm32cubeide_1.7.0/plugins/com.st.stm32cube.ide.mcu.externaltools.gnu-tools-for-stm32.9-2020-q2-update.linux64_2.0.0.202105311346/tools/bin/../lib/gcc/arm-none-eabi/9.3.1/../../../../arm-none-eabi/lib/thumb/v7e-m+dp/hard/libc_nano.a(lib_a-lock.o)
                0x0000000020000970                __lock___atexit_recursive_mutex
                0x0000000020000971                __lock___arc4random_mutex
                0x0000000020000972                __lock___env_recursive_mutex
                0x0000000020000973                __lock___sinit_recursive_mutex
                0x0000000020000974                __lock___malloc_recursive_mutex
                0x0000000020000975                __lock___at_quick_exit_mutex
                0x0000000020000976                __lock___dd_hash_mutex
                0x0000000020000977                __lock___tz_mutex
                0x0000000020000978                __lock___sfp_recursive_mutex
                0x000000002000097c                . = ALIGN (0x4)
 *fill*         0x0000000020000979        0x3 
                0x000000002000097c                _ebss = .
                0x000000002000097c                __bss_end__ = _ebss

._user_heap_stack
                0x000000002000097c      0x604 load address 0x00000000080064f4
                0x0000000020000980                . = ALIGN (0x8)
 *fill*         0x000000002000097c        0x4 
                [!provide]                        PROVIDE (end = .)
                0x0000000020000980                PROVIDE (_end = .)
                0x0000000020000b80                . = (. + _Min_Heap_Size)
 *fill*         0x0000000020000980      0x200 
                0x0000000020000f80                . = (. + _Min_Stack_Size)
 *fill*         0x0000000020000b80      0x400 
                0x0000000020000f80                . = ALIGN (0x8)

/DISCARD/
 libc.a(*)
 libm.a(*)
 libgcc.a(*)

.ARM.attributes
                0x0000000000000000       0x2e
 *(.ARM.attributes)
 .ARM.attributes
                0x0000000000000000       0x1e /opt/st/stm32cubeide_1.7.0/plugins/com.st.stm32cube.ide.mcu.externaltools.gnu-tools-for-stm32.9-2020-q2-update.linux64_2.0.0.202105311346/tools/bin/../lib/gcc/arm-none-eabi/9.3.1/thumb/v7e-m+dp/hard/crti.o
 .ARM.attributes
                0x000000000000001e       0x32 /opt/st/stm32cubeide_1.7.0/plugins/com.st.stm32cube.ide.mcu.externaltools.gnu-tools-for-stm32.9-2020-q2-update.linux64_2.0.0.202105311346/tools/bin/../lib/gcc/arm-none-eabi/9.3.1/thumb/v7e-m+dp/hard/crtbegin.o
 .ARM.attributes
                0x0000000000000050       0x32 ./Core/Inc/rosserialInc/rosserialNode.o
 .ARM.attributes
                0x0000000000000082       0x32 ./Core/Inc/rosserialInc/time.o
 .ARM.attributes
                0x00000000000000b4       0x32 ./Core/Src/main.o
 .ARM.attributes
                0x00000000000000e6       0x32 ./Core/Src/myMain.o
 .ARM.attributes
                0x0000000000000118       0x32 ./Core/Src/stm32f7xx_hal_msp.o
 .ARM.attributes
                0x000000000000014a       0x32 ./Core/Src/stm32f7xx_it.o
 .ARM.attributes
                0x000000000000017c       0x32 ./Core/Src/syscalls.o
 .ARM.attributes
                0x00000000000001ae       0x32 ./Core/Src/sysmem.o
 .ARM.attributes
                0x00000000000001e0       0x32 ./Core/Src/system_stm32f7xx.o
 .ARM.attributes
                0x0000000000000212       0x21 ./Core/Startup/startup_stm32f767zitx.o
 .ARM.attributes
                0x0000000000000233       0x32 ./Drivers/STM32F7xx_HAL_Driver/Src/stm32f7xx_hal.o
 .ARM.attributes
                0x0000000000000265       0x32 ./Drivers/STM32F7xx_HAL_Driver/Src/stm32f7xx_hal_cortex.o
 .ARM.attributes
                0x0000000000000297       0x32 ./Drivers/STM32F7xx_HAL_Driver/Src/stm32f7xx_hal_dma.o
 .ARM.attributes
                0x00000000000002c9       0x32 ./Drivers/STM32F7xx_HAL_Driver/Src/stm32f7xx_hal_gpio.o
 .ARM.attributes
                0x00000000000002fb       0x32 ./Drivers/STM32F7xx_HAL_Driver/Src/stm32f7xx_hal_rcc.o
 .ARM.attributes
                0x000000000000032d       0x32 ./Drivers/STM32F7xx_HAL_Driver/Src/stm32f7xx_hal_rcc_ex.o
 .ARM.attributes
                0x000000000000035f       0x32 ./Drivers/STM32F7xx_HAL_Driver/Src/stm32f7xx_hal_uart.o
 .ARM.attributes
                0x0000000000000391       0x32 /opt/st/stm32cubeide_1.7.0/plugins/com.st.stm32cube.ide.mcu.externaltools.gnu-tools-for-stm32.9-2020-q2-update.linux64_2.0.0.202105311346/tools/bin/../lib/gcc/arm-none-eabi/9.3.1/../../../../arm-none-eabi/lib/thumb/v7e-m+dp/hard/libstdc++_nano.a(pure.o)
 .ARM.attributes
                0x00000000000003c3       0x32 /opt/st/stm32cubeide_1.7.0/plugins/com.st.stm32cube.ide.mcu.externaltools.gnu-tools-for-stm32.9-2020-q2-update.linux64_2.0.0.202105311346/tools/bin/../lib/gcc/arm-none-eabi/9.3.1/../../../../arm-none-eabi/lib/thumb/v7e-m+dp/hard/libstdc++_nano.a(eh_terminate.o)
 .ARM.attributes
                0x00000000000003f5       0x30 /opt/st/stm32cubeide_1.7.0/plugins/com.st.stm32cube.ide.mcu.externaltools.gnu-tools-for-stm32.9-2020-q2-update.linux64_2.0.0.202105311346/tools/bin/../lib/gcc/arm-none-eabi/9.3.1/../../../../arm-none-eabi/lib/thumb/v7e-m+dp/hard/libstdc++_nano.a(eh_term_handler.o)
 .ARM.attributes
                0x0000000000000425       0x32 /opt/st/stm32cubeide_1.7.0/plugins/com.st.stm32cube.ide.mcu.externaltools.gnu-tools-for-stm32.9-2020-q2-update.linux64_2.0.0.202105311346/tools/bin/../lib/gcc/arm-none-eabi/9.3.1/../../../../arm-none-eabi/lib/thumb/v7e-m+dp/hard/libc_nano.a(lib_a-abort.o)
 .ARM.attributes
                0x0000000000000457       0x32 /opt/st/stm32cubeide_1.7.0/plugins/com.st.stm32cube.ide.mcu.externaltools.gnu-tools-for-stm32.9-2020-q2-update.linux64_2.0.0.202105311346/tools/bin/../lib/gcc/arm-none-eabi/9.3.1/../../../../arm-none-eabi/lib/thumb/v7e-m+dp/hard/libc_nano.a(lib_a-errno.o)
 .ARM.attributes
                0x0000000000000489       0x30 /opt/st/stm32cubeide_1.7.0/plugins/com.st.stm32cube.ide.mcu.externaltools.gnu-tools-for-stm32.9-2020-q2-update.linux64_2.0.0.202105311346/tools/bin/../lib/gcc/arm-none-eabi/9.3.1/../../../../arm-none-eabi/lib/thumb/v7e-m+dp/hard/libc_nano.a(lib_a-impure.o)
 .ARM.attributes
                0x00000000000004b9       0x32 /opt/st/stm32cubeide_1.7.0/plugins/com.st.stm32cube.ide.mcu.externaltools.gnu-tools-for-stm32.9-2020-q2-update.linux64_2.0.0.202105311346/tools/bin/../lib/gcc/arm-none-eabi/9.3.1/../../../../arm-none-eabi/lib/thumb/v7e-m+dp/hard/libc_nano.a(lib_a-init.o)
 .ARM.attributes
                0x00000000000004eb       0x32 /opt/st/stm32cubeide_1.7.0/plugins/com.st.stm32cube.ide.mcu.externaltools.gnu-tools-for-stm32.9-2020-q2-update.linux64_2.0.0.202105311346/tools/bin/../lib/gcc/arm-none-eabi/9.3.1/../../../../arm-none-eabi/lib/thumb/v7e-m+dp/hard/libc_nano.a(lib_a-memcpy-stub.o)
 .ARM.attributes
                0x000000000000051d       0x32 /opt/st/stm32cubeide_1.7.0/plugins/com.st.stm32cube.ide.mcu.externaltools.gnu-tools-for-stm32.9-2020-q2-update.linux64_2.0.0.202105311346/tools/bin/../lib/gcc/arm-none-eabi/9.3.1/../../../../arm-none-eabi/lib/thumb/v7e-m+dp/hard/libc_nano.a(lib_a-memset.o)
 .ARM.attributes
                0x000000000000054f       0x32 /opt/st/stm32cubeide_1.7.0/plugins/com.st.stm32cube.ide.mcu.externaltools.gnu-tools-for-stm32.9-2020-q2-update.linux64_2.0.0.202105311346/tools/bin/../lib/gcc/arm-none-eabi/9.3.1/../../../../arm-none-eabi/lib/thumb/v7e-m+dp/hard/libc_nano.a(lib_a-realloc.o)
 .ARM.attributes
                0x0000000000000581       0x32 /opt/st/stm32cubeide_1.7.0/plugins/com.st.stm32cube.ide.mcu.externaltools.gnu-tools-for-stm32.9-2020-q2-update.linux64_2.0.0.202105311346/tools/bin/../lib/gcc/arm-none-eabi/9.3.1/../../../../arm-none-eabi/lib/thumb/v7e-m+dp/hard/libc_nano.a(lib_a-signal.o)
 .ARM.attributes
                0x00000000000005b3       0x32 /opt/st/stm32cubeide_1.7.0/plugins/com.st.stm32cube.ide.mcu.externaltools.gnu-tools-for-stm32.9-2020-q2-update.linux64_2.0.0.202105311346/tools/bin/../lib/gcc/arm-none-eabi/9.3.1/../../../../arm-none-eabi/lib/thumb/v7e-m+dp/hard/libc_nano.a(lib_a-signalr.o)
 .ARM.attributes
                0x00000000000005e5       0x17 /opt/st/stm32cubeide_1.7.0/plugins/com.st.stm32cube.ide.mcu.externaltools.gnu-tools-for-stm32.9-2020-q2-update.linux64_2.0.0.202105311346/tools/bin/../lib/gcc/arm-none-eabi/9.3.1/../../../../arm-none-eabi/lib/thumb/v7e-m+dp/hard/libc_nano.a(lib_a-strlen.o)
 .ARM.attributes
                0x00000000000005fc       0x32 /opt/st/stm32cubeide_1.7.0/plugins/com.st.stm32cube.ide.mcu.externaltools.gnu-tools-for-stm32.9-2020-q2-update.linux64_2.0.0.202105311346/tools/bin/../lib/gcc/arm-none-eabi/9.3.1/../../../../arm-none-eabi/lib/thumb/v7e-m+dp/hard/libc_nano.a(lib_a-nano-mallocr.o)
 .ARM.attributes
                0x000000000000062e       0x32 /opt/st/stm32cubeide_1.7.0/plugins/com.st.stm32cube.ide.mcu.externaltools.gnu-tools-for-stm32.9-2020-q2-update.linux64_2.0.0.202105311346/tools/bin/../lib/gcc/arm-none-eabi/9.3.1/../../../../arm-none-eabi/lib/thumb/v7e-m+dp/hard/libc_nano.a(lib_a-nano-reallocr.o)
 .ARM.attributes
                0x0000000000000660       0x32 /opt/st/stm32cubeide_1.7.0/plugins/com.st.stm32cube.ide.mcu.externaltools.gnu-tools-for-stm32.9-2020-q2-update.linux64_2.0.0.202105311346/tools/bin/../lib/gcc/arm-none-eabi/9.3.1/../../../../arm-none-eabi/lib/thumb/v7e-m+dp/hard/libc_nano.a(lib_a-reent.o)
 .ARM.attributes
                0x0000000000000692       0x32 /opt/st/stm32cubeide_1.7.0/plugins/com.st.stm32cube.ide.mcu.externaltools.gnu-tools-for-stm32.9-2020-q2-update.linux64_2.0.0.202105311346/tools/bin/../lib/gcc/arm-none-eabi/9.3.1/../../../../arm-none-eabi/lib/thumb/v7e-m+dp/hard/libc_nano.a(lib_a-sbrkr.o)
 .ARM.attributes
                0x00000000000006c4       0x32 /opt/st/stm32cubeide_1.7.0/plugins/com.st.stm32cube.ide.mcu.externaltools.gnu-tools-for-stm32.9-2020-q2-update.linux64_2.0.0.202105311346/tools/bin/../lib/gcc/arm-none-eabi/9.3.1/../../../../arm-none-eabi/lib/thumb/v7e-m+dp/hard/libc_nano.a(lib_a-mlock.o)
 .ARM.attributes
                0x00000000000006f6       0x32 /opt/st/stm32cubeide_1.7.0/plugins/com.st.stm32cube.ide.mcu.externaltools.gnu-tools-for-stm32.9-2020-q2-update.linux64_2.0.0.202105311346/tools/bin/../lib/gcc/arm-none-eabi/9.3.1/../../../../arm-none-eabi/lib/thumb/v7e-m+dp/hard/libc_nano.a(lib_a-nano-freer.o)
 .ARM.attributes
                0x0000000000000728       0x32 /opt/st/stm32cubeide_1.7.0/plugins/com.st.stm32cube.ide.mcu.externaltools.gnu-tools-for-stm32.9-2020-q2-update.linux64_2.0.0.202105311346/tools/bin/../lib/gcc/arm-none-eabi/9.3.1/../../../../arm-none-eabi/lib/thumb/v7e-m+dp/hard/libc_nano.a(lib_a-nano-msizer.o)
 .ARM.attributes
                0x000000000000075a       0x32 /opt/st/stm32cubeide_1.7.0/plugins/com.st.stm32cube.ide.mcu.externaltools.gnu-tools-for-stm32.9-2020-q2-update.linux64_2.0.0.202105311346/tools/bin/../lib/gcc/arm-none-eabi/9.3.1/../../../../arm-none-eabi/lib/thumb/v7e-m+dp/hard/libc_nano.a(lib_a-lock.o)
 .ARM.attributes
                0x000000000000078c       0x1e /opt/st/stm32cubeide_1.7.0/plugins/com.st.stm32cube.ide.mcu.externaltools.gnu-tools-for-stm32.9-2020-q2-update.linux64_2.0.0.202105311346/tools/bin/../lib/gcc/arm-none-eabi/9.3.1/thumb/v7e-m+dp/hard/libgcc.a(_aeabi_uldivmod.o)
 .ARM.attributes
                0x00000000000007aa       0x32 /opt/st/stm32cubeide_1.7.0/plugins/com.st.stm32cube.ide.mcu.externaltools.gnu-tools-for-stm32.9-2020-q2-update.linux64_2.0.0.202105311346/tools/bin/../lib/gcc/arm-none-eabi/9.3.1/thumb/v7e-m+dp/hard/libgcc.a(_udivmoddi4.o)
 .ARM.attributes
                0x00000000000007dc       0x1e /opt/st/stm32cubeide_1.7.0/plugins/com.st.stm32cube.ide.mcu.externaltools.gnu-tools-for-stm32.9-2020-q2-update.linux64_2.0.0.202105311346/tools/bin/../lib/gcc/arm-none-eabi/9.3.1/thumb/v7e-m+dp/hard/libgcc.a(_dvmd_tls.o)
 .ARM.attributes
                0x00000000000007fa       0x1e /opt/st/stm32cubeide_1.7.0/plugins/com.st.stm32cube.ide.mcu.externaltools.gnu-tools-for-stm32.9-2020-q2-update.linux64_2.0.0.202105311346/tools/bin/../lib/gcc/arm-none-eabi/9.3.1/thumb/v7e-m+dp/hard/crtn.o
OUTPUT(test2.elf elf32-littlearm)
LOAD linker stubs
LOAD /opt/st/stm32cubeide_1.7.0/plugins/com.st.stm32cube.ide.mcu.externaltools.gnu-tools-for-stm32.9-2020-q2-update.linux64_2.0.0.202105311346/tools/bin/../lib/gcc/arm-none-eabi/9.3.1/../../../../arm-none-eabi/lib/thumb/v7e-m+dp/hard/libc.a
LOAD /opt/st/stm32cubeide_1.7.0/plugins/com.st.stm32cube.ide.mcu.externaltools.gnu-tools-for-stm32.9-2020-q2-update.linux64_2.0.0.202105311346/tools/bin/../lib/gcc/arm-none-eabi/9.3.1/../../../../arm-none-eabi/lib/thumb/v7e-m+dp/hard/libm.a
LOAD /opt/st/stm32cubeide_1.7.0/plugins/com.st.stm32cube.ide.mcu.externaltools.gnu-tools-for-stm32.9-2020-q2-update.linux64_2.0.0.202105311346/tools/bin/../lib/gcc/arm-none-eabi/9.3.1/thumb/v7e-m+dp/hard/libgcc.a

.debug_info     0x0000000000000000    0x17c79
 .debug_info    0x0000000000000000     0x6cb5 ./Core/Inc/rosserialInc/rosserialNode.o
 .debug_info    0x0000000000006cb5     0x2bdb ./Core/Inc/rosserialInc/time.o
 .debug_info    0x0000000000009890     0x1141 ./Core/Src/main.o
 .debug_info    0x000000000000a9d1     0x405b ./Core/Src/myMain.o
 .debug_info    0x000000000000ea2c      0xe16 ./Core/Src/stm32f7xx_hal_msp.o
 .debug_info    0x000000000000f842      0x835 ./Core/Src/stm32f7xx_it.o
 .debug_info    0x0000000000010077      0xfa8 ./Core/Src/syscalls.o
 .debug_info    0x000000000001101f      0xa25 ./Core/Src/sysmem.o
 .debug_info    0x0000000000011a44      0x7ad ./Core/Src/system_stm32f7xx.o
 .debug_info    0x00000000000121f1       0x22 ./Core/Startup/startup_stm32f767zitx.o
 .debug_info    0x0000000000012213      0xab8 ./Drivers/STM32F7xx_HAL_Driver/Src/stm32f7xx_hal.o
 .debug_info    0x0000000000012ccb     0x1158 ./Drivers/STM32F7xx_HAL_Driver/Src/stm32f7xx_hal_cortex.o
 .debug_info    0x0000000000013e23      0x9f1 ./Drivers/STM32F7xx_HAL_Driver/Src/stm32f7xx_hal_dma.o
 .debug_info    0x0000000000014814      0x876 ./Drivers/STM32F7xx_HAL_Driver/Src/stm32f7xx_hal_gpio.o
 .debug_info    0x000000000001508a      0xa28 ./Drivers/STM32F7xx_HAL_Driver/Src/stm32f7xx_hal_rcc.o
 .debug_info    0x0000000000015ab2      0x853 ./Drivers/STM32F7xx_HAL_Driver/Src/stm32f7xx_hal_rcc_ex.o
 .debug_info    0x0000000000016305     0x1974 ./Drivers/STM32F7xx_HAL_Driver/Src/stm32f7xx_hal_uart.o

.debug_abbrev   0x0000000000000000     0x2edc
 .debug_abbrev  0x0000000000000000      0x8fa ./Core/Inc/rosserialInc/rosserialNode.o
 .debug_abbrev  0x00000000000008fa      0x454 ./Core/Inc/rosserialInc/time.o
 .debug_abbrev  0x0000000000000d4e      0x243 ./Core/Src/main.o
 .debug_abbrev  0x0000000000000f91      0x658 ./Core/Src/myMain.o
 .debug_abbrev  0x00000000000015e9      0x1b5 ./Core/Src/stm32f7xx_hal_msp.o
 .debug_abbrev  0x000000000000179e      0x163 ./Core/Src/stm32f7xx_it.o
 .debug_abbrev  0x0000000000001901      0x286 ./Core/Src/syscalls.o
 .debug_abbrev  0x0000000000001b87      0x1bf ./Core/Src/sysmem.o
 .debug_abbrev  0x0000000000001d46      0x165 ./Core/Src/system_stm32f7xx.o
 .debug_abbrev  0x0000000000001eab       0x12 ./Core/Startup/startup_stm32f767zitx.o
 .debug_abbrev  0x0000000000001ebd      0x1ed ./Drivers/STM32F7xx_HAL_Driver/Src/stm32f7xx_hal.o
 .debug_abbrev  0x00000000000020aa      0x33c ./Drivers/STM32F7xx_HAL_Driver/Src/stm32f7xx_hal_cortex.o
 .debug_abbrev  0x00000000000023e6      0x259 ./Drivers/STM32F7xx_HAL_Driver/Src/stm32f7xx_hal_dma.o
 .debug_abbrev  0x000000000000263f      0x1f1 ./Drivers/STM32F7xx_HAL_Driver/Src/stm32f7xx_hal_gpio.o
 .debug_abbrev  0x0000000000002830      0x29c ./Drivers/STM32F7xx_HAL_Driver/Src/stm32f7xx_hal_rcc.o
 .debug_abbrev  0x0000000000002acc      0x1d1 ./Drivers/STM32F7xx_HAL_Driver/Src/stm32f7xx_hal_rcc_ex.o
 .debug_abbrev  0x0000000000002c9d      0x23f ./Drivers/STM32F7xx_HAL_Driver/Src/stm32f7xx_hal_uart.o

.debug_aranges  0x0000000000000000      0xb28
 .debug_aranges
                0x0000000000000000      0x288 ./Core/Inc/rosserialInc/rosserialNode.o
 .debug_aranges
                0x0000000000000288       0x48 ./Core/Inc/rosserialInc/time.o
 .debug_aranges
                0x00000000000002d0       0x48 ./Core/Src/main.o
 .debug_aranges
                0x0000000000000318       0x38 ./Core/Src/myMain.o
 .debug_aranges
                0x0000000000000350       0x30 ./Core/Src/stm32f7xx_hal_msp.o
 .debug_aranges
                0x0000000000000380       0x78 ./Core/Src/stm32f7xx_it.o
 .debug_aranges
                0x00000000000003f8       0xa8 ./Core/Src/syscalls.o
 .debug_aranges
                0x00000000000004a0       0x20 ./Core/Src/sysmem.o
 .debug_aranges
                0x00000000000004c0       0x28 ./Core/Src/system_stm32f7xx.o
 .debug_aranges
                0x00000000000004e8       0x28 ./Core/Startup/startup_stm32f767zitx.o
 .debug_aranges
                0x0000000000000510      0x110 ./Drivers/STM32F7xx_HAL_Driver/Src/stm32f7xx_hal.o
 .debug_aranges
                0x0000000000000620      0x118 ./Drivers/STM32F7xx_HAL_Driver/Src/stm32f7xx_hal_cortex.o
 .debug_aranges
                0x0000000000000738       0x90 ./Drivers/STM32F7xx_HAL_Driver/Src/stm32f7xx_hal_dma.o
 .debug_aranges
                0x00000000000007c8       0x58 ./Drivers/STM32F7xx_HAL_Driver/Src/stm32f7xx_hal_gpio.o
 .debug_aranges
                0x0000000000000820       0x88 ./Drivers/STM32F7xx_HAL_Driver/Src/stm32f7xx_hal_rcc.o
 .debug_aranges
                0x00000000000008a8       0x50 ./Drivers/STM32F7xx_HAL_Driver/Src/stm32f7xx_hal_rcc_ex.o
 .debug_aranges
                0x00000000000008f8      0x230 ./Drivers/STM32F7xx_HAL_Driver/Src/stm32f7xx_hal_uart.o

.debug_ranges   0x0000000000000000      0xa68
 .debug_ranges  0x0000000000000000      0x290 ./Core/Inc/rosserialInc/rosserialNode.o
 .debug_ranges  0x0000000000000290       0x38 ./Core/Inc/rosserialInc/time.o
 .debug_ranges  0x00000000000002c8       0x38 ./Core/Src/main.o
 .debug_ranges  0x0000000000000300       0x28 ./Core/Src/myMain.o
 .debug_ranges  0x0000000000000328       0x20 ./Core/Src/stm32f7xx_hal_msp.o
 .debug_ranges  0x0000000000000348       0x68 ./Core/Src/stm32f7xx_it.o
 .debug_ranges  0x00000000000003b0       0x98 ./Core/Src/syscalls.o
 .debug_ranges  0x0000000000000448       0x10 ./Core/Src/sysmem.o
 .debug_ranges  0x0000000000000458       0x18 ./Core/Src/system_stm32f7xx.o
 .debug_ranges  0x0000000000000470       0x20 ./Core/Startup/startup_stm32f767zitx.o
 .debug_ranges  0x0000000000000490      0x100 ./Drivers/STM32F7xx_HAL_Driver/Src/stm32f7xx_hal.o
 .debug_ranges  0x0000000000000590      0x108 ./Drivers/STM32F7xx_HAL_Driver/Src/stm32f7xx_hal_cortex.o
 .debug_ranges  0x0000000000000698       0x80 ./Drivers/STM32F7xx_HAL_Driver/Src/stm32f7xx_hal_dma.o
 .debug_ranges  0x0000000000000718       0x48 ./Drivers/STM32F7xx_HAL_Driver/Src/stm32f7xx_hal_gpio.o
 .debug_ranges  0x0000000000000760       0x78 ./Drivers/STM32F7xx_HAL_Driver/Src/stm32f7xx_hal_rcc.o
 .debug_ranges  0x00000000000007d8       0x40 ./Drivers/STM32F7xx_HAL_Driver/Src/stm32f7xx_hal_rcc_ex.o
 .debug_ranges  0x0000000000000818      0x250 ./Drivers/STM32F7xx_HAL_Driver/Src/stm32f7xx_hal_uart.o

.debug_macro    0x0000000000000000    0x290e6
 .debug_macro   0x0000000000000000      0x433 ./Core/Inc/rosserialInc/rosserialNode.o
 .debug_macro   0x0000000000000433       0x8e ./Core/Inc/rosserialInc/rosserialNode.o
 .debug_macro   0x00000000000004c1       0x51 ./Core/Inc/rosserialInc/rosserialNode.o
 .debug_macro   0x0000000000000512       0x52 ./Core/Inc/rosserialInc/rosserialNode.o
 .debug_macro   0x0000000000000564       0x10 ./Core/Inc/rosserialInc/rosserialNode.o
 .debug_macro   0x0000000000000574       0x20 ./Core/Inc/rosserialInc/rosserialNode.o
 .debug_macro   0x0000000000000594       0x10 ./Core/Inc/rosserialInc/rosserialNode.o
 .debug_macro   0x00000000000005a4       0x1c ./Core/Inc/rosserialInc/rosserialNode.o
 .debug_macro   0x00000000000005c0       0xde ./Core/Inc/rosserialInc/rosserialNode.o
 .debug_macro   0x000000000000069e       0x4c ./Core/Inc/rosserialInc/rosserialNode.o
 .debug_macro   0x00000000000006ea      0x3cd ./Core/Inc/rosserialInc/rosserialNode.o
 .debug_macro   0x0000000000000ab7      0x28d ./Core/Inc/rosserialInc/rosserialNode.o
 .debug_macro   0x0000000000000d44       0x2e ./Core/Inc/rosserialInc/rosserialNode.o
 .debug_macro   0x0000000000000d72       0x3b ./Core/Inc/rosserialInc/rosserialNode.o
 .debug_macro   0x0000000000000dad       0x1c ./Core/Inc/rosserialInc/rosserialNode.o
 .debug_macro   0x0000000000000dc9       0x22 ./Core/Inc/rosserialInc/rosserialNode.o
 .debug_macro   0x0000000000000deb       0xd9 ./Core/Inc/rosserialInc/rosserialNode.o
 .debug_macro   0x0000000000000ec4     0x12cd ./Core/Inc/rosserialInc/rosserialNode.o
 .debug_macro   0x0000000000002191      0x11f ./Core/Inc/rosserialInc/rosserialNode.o
 .debug_macro   0x00000000000022b0       0x19 ./Core/Inc/rosserialInc/rosserialNode.o
 .debug_macro   0x00000000000022c9    0x1a9cf ./Core/Inc/rosserialInc/rosserialNode.o
 .debug_macro   0x000000000001cc98       0x43 ./Core/Inc/rosserialInc/rosserialNode.o
 .debug_macro   0x000000000001ccdb     0x36c9 ./Core/Inc/rosserialInc/rosserialNode.o
 .debug_macro   0x00000000000203a4       0x5d ./Core/Inc/rosserialInc/rosserialNode.o
 .debug_macro   0x0000000000020401     0x1add ./Core/Inc/rosserialInc/rosserialNode.o
 .debug_macro   0x0000000000021ede      0x6c4 ./Core/Inc/rosserialInc/rosserialNode.o
 .debug_macro   0x00000000000225a2      0x18b ./Core/Inc/rosserialInc/rosserialNode.o
 .debug_macro   0x000000000002272d      0x117 ./Core/Inc/rosserialInc/rosserialNode.o
 .debug_macro   0x0000000000022844      0x26f ./Core/Inc/rosserialInc/rosserialNode.o
 .debug_macro   0x0000000000022ab3       0x27 ./Core/Inc/rosserialInc/rosserialNode.o
 .debug_macro   0x0000000000022ada      0x24f ./Core/Inc/rosserialInc/rosserialNode.o
 .debug_macro   0x0000000000022d29       0x71 ./Core/Inc/rosserialInc/rosserialNode.o
 .debug_macro   0x0000000000022d9a       0x58 ./Core/Inc/rosserialInc/rosserialNode.o
 .debug_macro   0x0000000000022df2      0x236 ./Core/Inc/rosserialInc/rosserialNode.o
 .debug_macro   0x0000000000023028      0x14f ./Core/Inc/rosserialInc/rosserialNode.o
 .debug_macro   0x0000000000023177      0x3dc ./Core/Inc/rosserialInc/rosserialNode.o
 .debug_macro   0x0000000000023553       0x12 ./Core/Inc/rosserialInc/rosserialNode.o
 .debug_macro   0x0000000000023565      0x22c ./Core/Inc/rosserialInc/rosserialNode.o
 .debug_macro   0x0000000000023791       0x61 ./Core/Inc/rosserialInc/rosserialNode.o
 .debug_macro   0x00000000000237f2       0xa5 ./Core/Inc/rosserialInc/rosserialNode.o
 .debug_macro   0x0000000000023897      0x12f ./Core/Inc/rosserialInc/rosserialNode.o
 .debug_macro   0x00000000000239c6      0x108 ./Core/Inc/rosserialInc/rosserialNode.o